   1               		.file	"cc1101.c"
   2               	__SP_H__ = 0x3e
   3               	__SP_L__ = 0x3d
   4               	__SREG__ = 0x3f
   5               	__tmp_reg__ = 0
   6               	__zero_reg__ = 1
   8               		.text
   9               	.Ltext0:
 116               	.global	SpiInit
 118               	SpiInit:
   1:/Users/davide/Documents/NQM_WORK/MinimizedBoard/Attiny48/i2ctest/MINI-RF/MINI-RF/cc1101.c **** #include <cc1101.h>
   2:/Users/davide/Documents/NQM_WORK/MinimizedBoard/Attiny48/i2ctest/MINI-RF/MINI-RF/cc1101.c **** 
   3:/Users/davide/Documents/NQM_WORK/MinimizedBoard/Attiny48/i2ctest/MINI-RF/MINI-RF/cc1101.c **** 
   4:/Users/davide/Documents/NQM_WORK/MinimizedBoard/Attiny48/i2ctest/MINI-RF/MINI-RF/cc1101.c **** /****************************************************************/
   5:/Users/davide/Documents/NQM_WORK/MinimizedBoard/Attiny48/i2ctest/MINI-RF/MINI-RF/cc1101.c **** #define     WRITE_BURST         0x40                        //write burst
   6:/Users/davide/Documents/NQM_WORK/MinimizedBoard/Attiny48/i2ctest/MINI-RF/MINI-RF/cc1101.c **** #define     READ_SINGLE         0x80                        //read single
   7:/Users/davide/Documents/NQM_WORK/MinimizedBoard/Attiny48/i2ctest/MINI-RF/MINI-RF/cc1101.c **** #define     READ_BURST          0xC0                        //read burst
   8:/Users/davide/Documents/NQM_WORK/MinimizedBoard/Attiny48/i2ctest/MINI-RF/MINI-RF/cc1101.c **** #define     BYTES_IN_RXFIFO     0x7F                        //byte number in RXfifo
   9:/Users/davide/Documents/NQM_WORK/MinimizedBoard/Attiny48/i2ctest/MINI-RF/MINI-RF/cc1101.c **** 
  10:/Users/davide/Documents/NQM_WORK/MinimizedBoard/Attiny48/i2ctest/MINI-RF/MINI-RF/cc1101.c **** /****************************************************************/
  11:/Users/davide/Documents/NQM_WORK/MinimizedBoard/Attiny48/i2ctest/MINI-RF/MINI-RF/cc1101.c **** byte PaTabel[8] = {0x60 ,0x60 ,0x60 ,0x60 ,0x60 ,0x60 ,0x60 ,0x60};
  12:/Users/davide/Documents/NQM_WORK/MinimizedBoard/Attiny48/i2ctest/MINI-RF/MINI-RF/cc1101.c **** 
  13:/Users/davide/Documents/NQM_WORK/MinimizedBoard/Attiny48/i2ctest/MINI-RF/MINI-RF/cc1101.c **** /****************************************************************
  14:/Users/davide/Documents/NQM_WORK/MinimizedBoard/Attiny48/i2ctest/MINI-RF/MINI-RF/cc1101.c ****  *FUNCTION NAME:SpiInit
  15:/Users/davide/Documents/NQM_WORK/MinimizedBoard/Attiny48/i2ctest/MINI-RF/MINI-RF/cc1101.c ****  *FUNCTION     :spi communication initialization
  16:/Users/davide/Documents/NQM_WORK/MinimizedBoard/Attiny48/i2ctest/MINI-RF/MINI-RF/cc1101.c ****  *INPUT        :none
  17:/Users/davide/Documents/NQM_WORK/MinimizedBoard/Attiny48/i2ctest/MINI-RF/MINI-RF/cc1101.c ****  *OUTPUT       :none
  18:/Users/davide/Documents/NQM_WORK/MinimizedBoard/Attiny48/i2ctest/MINI-RF/MINI-RF/cc1101.c ****  ****************************************************************/
  19:/Users/davide/Documents/NQM_WORK/MinimizedBoard/Attiny48/i2ctest/MINI-RF/MINI-RF/cc1101.c **** void SpiInit(void)
  20:/Users/davide/Documents/NQM_WORK/MinimizedBoard/Attiny48/i2ctest/MINI-RF/MINI-RF/cc1101.c **** {
 120               	.LM0:
 121               	.LFBB1:
 122               	/* prologue: function */
 123               	/* frame size = 0 */
 124               	/* stack size = 0 */
 125               	.L__stack_usage = 0
  21:/Users/davide/Documents/NQM_WORK/MinimizedBoard/Attiny48/i2ctest/MINI-RF/MINI-RF/cc1101.c ****     
  22:/Users/davide/Documents/NQM_WORK/MinimizedBoard/Attiny48/i2ctest/MINI-RF/MINI-RF/cc1101.c ****     //digitalWrite(SS_PIN, HIGH);
  23:/Users/davide/Documents/NQM_WORK/MinimizedBoard/Attiny48/i2ctest/MINI-RF/MINI-RF/cc1101.c ****     PORTB = (1<<PB2);
 127               	.LM1:
 128 0000 84E0      		ldi r24,lo8(4)
 129 0002 85B9      		out 0x5,r24
  24:/Users/davide/Documents/NQM_WORK/MinimizedBoard/Attiny48/i2ctest/MINI-RF/MINI-RF/cc1101.c ****     // Configure SPI pins
  25:/Users/davide/Documents/NQM_WORK/MinimizedBoard/Attiny48/i2ctest/MINI-RF/MINI-RF/cc1101.c ****     DDRB = (1<<DDB3) | (1<<DDB5) | (1<<DDB2);
 131               	.LM2:
 132 0004 8CE2      		ldi r24,lo8(44)
 133 0006 84B9      		out 0x4,r24
  26:/Users/davide/Documents/NQM_WORK/MinimizedBoard/Attiny48/i2ctest/MINI-RF/MINI-RF/cc1101.c ****     // pinMode(SS_PIN, OUTPUT);
  27:/Users/davide/Documents/NQM_WORK/MinimizedBoard/Attiny48/i2ctest/MINI-RF/MINI-RF/cc1101.c ****     // pinMode(MOSI_PIN, OUTPUT);
  28:/Users/davide/Documents/NQM_WORK/MinimizedBoard/Attiny48/i2ctest/MINI-RF/MINI-RF/cc1101.c ****     // pinMode(MISO_PIN, INPUT);
  29:/Users/davide/Documents/NQM_WORK/MinimizedBoard/Attiny48/i2ctest/MINI-RF/MINI-RF/cc1101.c ****     // pinMode(SCK_PIN, OUTPUT);
  30:/Users/davide/Documents/NQM_WORK/MinimizedBoard/Attiny48/i2ctest/MINI-RF/MINI-RF/cc1101.c ****     PORTB = (1<<PB5);
 135               	.LM3:
 136 0008 80E2      		ldi r24,lo8(32)
 137 000a 85B9      		out 0x5,r24
  31:/Users/davide/Documents/NQM_WORK/MinimizedBoard/Attiny48/i2ctest/MINI-RF/MINI-RF/cc1101.c ****     PORTB &= ~(1<<PB4);
 139               	.LM4:
 140 000c 2C98      		cbi 0x5,4
  32:/Users/davide/Documents/NQM_WORK/MinimizedBoard/Attiny48/i2ctest/MINI-RF/MINI-RF/cc1101.c ****     // digitalWrite(SCK_PIN, HIGH);
  33:/Users/davide/Documents/NQM_WORK/MinimizedBoard/Attiny48/i2ctest/MINI-RF/MINI-RF/cc1101.c ****     // digitalWrite(MOSI_PIN, LOW);
  34:/Users/davide/Documents/NQM_WORK/MinimizedBoard/Attiny48/i2ctest/MINI-RF/MINI-RF/cc1101.c ****     
  35:/Users/davide/Documents/NQM_WORK/MinimizedBoard/Attiny48/i2ctest/MINI-RF/MINI-RF/cc1101.c ****     // SPI speed = clk/4
  36:/Users/davide/Documents/NQM_WORK/MinimizedBoard/Attiny48/i2ctest/MINI-RF/MINI-RF/cc1101.c ****     SPCR = _BV(SPE) | _BV(MSTR) | _BV(SPI2X);
 142               	.LM5:
 143 000e 81E5      		ldi r24,lo8(81)
 144 0010 8CBD      		out 0x2c,r24
 145 0012 0895      		ret
 147               	.Lscope1:
 150               	.global	SpiTransfer
 152               	SpiTransfer:
  37:/Users/davide/Documents/NQM_WORK/MinimizedBoard/Attiny48/i2ctest/MINI-RF/MINI-RF/cc1101.c ****     // SPCR = ~_BV(SPR0) | ~_BV(SPI2X) | ~_BV(SPR1);
  38:/Users/davide/Documents/NQM_WORK/MinimizedBoard/Attiny48/i2ctest/MINI-RF/MINI-RF/cc1101.c **** }
  39:/Users/davide/Documents/NQM_WORK/MinimizedBoard/Attiny48/i2ctest/MINI-RF/MINI-RF/cc1101.c **** /****************************************************************
  40:/Users/davide/Documents/NQM_WORK/MinimizedBoard/Attiny48/i2ctest/MINI-RF/MINI-RF/cc1101.c ****  *FUNCTION NAME:SpiTransfer
  41:/Users/davide/Documents/NQM_WORK/MinimizedBoard/Attiny48/i2ctest/MINI-RF/MINI-RF/cc1101.c ****  *FUNCTION     :spi transfer
  42:/Users/davide/Documents/NQM_WORK/MinimizedBoard/Attiny48/i2ctest/MINI-RF/MINI-RF/cc1101.c ****  *INPUT        :value: data to send
  43:/Users/davide/Documents/NQM_WORK/MinimizedBoard/Attiny48/i2ctest/MINI-RF/MINI-RF/cc1101.c ****  *OUTPUT       :data to receive
  44:/Users/davide/Documents/NQM_WORK/MinimizedBoard/Attiny48/i2ctest/MINI-RF/MINI-RF/cc1101.c ****  ****************************************************************/
  45:/Users/davide/Documents/NQM_WORK/MinimizedBoard/Attiny48/i2ctest/MINI-RF/MINI-RF/cc1101.c **** byte SpiTransfer(byte value)
  46:/Users/davide/Documents/NQM_WORK/MinimizedBoard/Attiny48/i2ctest/MINI-RF/MINI-RF/cc1101.c **** {
 154               	.LM6:
 155               	.LFBB2:
 156               	/* prologue: function */
 157               	/* frame size = 0 */
 158               	/* stack size = 0 */
 159               	.L__stack_usage = 0
  47:/Users/davide/Documents/NQM_WORK/MinimizedBoard/Attiny48/i2ctest/MINI-RF/MINI-RF/cc1101.c ****     SPDR = value;
 161               	.LM7:
 162 0014 8EBD      		out 0x2e,r24
 163               	.L3:
  48:/Users/davide/Documents/NQM_WORK/MinimizedBoard/Attiny48/i2ctest/MINI-RF/MINI-RF/cc1101.c ****     while (!(SPSR & (1<<SPIF))) ;
 165               	.LM8:
 166 0016 0DB4      		in __tmp_reg__,0x2d
 167 0018 07FE      		sbrs __tmp_reg__,7
 168 001a 00C0      		rjmp .L3
  49:/Users/davide/Documents/NQM_WORK/MinimizedBoard/Attiny48/i2ctest/MINI-RF/MINI-RF/cc1101.c ****     return SPDR;
 170               	.LM9:
 171 001c 8EB5      		in r24,0x2e
  50:/Users/davide/Documents/NQM_WORK/MinimizedBoard/Attiny48/i2ctest/MINI-RF/MINI-RF/cc1101.c **** }
 173               	.LM10:
 174 001e 0895      		ret
 176               	.Lscope2:
 178               	.global	GDO_Set
 180               	GDO_Set:
  51:/Users/davide/Documents/NQM_WORK/MinimizedBoard/Attiny48/i2ctest/MINI-RF/MINI-RF/cc1101.c **** 
  52:/Users/davide/Documents/NQM_WORK/MinimizedBoard/Attiny48/i2ctest/MINI-RF/MINI-RF/cc1101.c **** /****************************************************************
  53:/Users/davide/Documents/NQM_WORK/MinimizedBoard/Attiny48/i2ctest/MINI-RF/MINI-RF/cc1101.c ****  *FUNCTION NAME: GDO_Set()
  54:/Users/davide/Documents/NQM_WORK/MinimizedBoard/Attiny48/i2ctest/MINI-RF/MINI-RF/cc1101.c ****  *FUNCTION     : set GDO0,GDO2 pin
  55:/Users/davide/Documents/NQM_WORK/MinimizedBoard/Attiny48/i2ctest/MINI-RF/MINI-RF/cc1101.c ****  *INPUT        : none
  56:/Users/davide/Documents/NQM_WORK/MinimizedBoard/Attiny48/i2ctest/MINI-RF/MINI-RF/cc1101.c ****  *OUTPUT       : none
  57:/Users/davide/Documents/NQM_WORK/MinimizedBoard/Attiny48/i2ctest/MINI-RF/MINI-RF/cc1101.c ****  ****************************************************************/
  58:/Users/davide/Documents/NQM_WORK/MinimizedBoard/Attiny48/i2ctest/MINI-RF/MINI-RF/cc1101.c **** void GDO_Set (void)
  59:/Users/davide/Documents/NQM_WORK/MinimizedBoard/Attiny48/i2ctest/MINI-RF/MINI-RF/cc1101.c **** {
 182               	.LM11:
 183               	.LFBB3:
 184               	/* prologue: function */
 185               	/* frame size = 0 */
 186               	/* stack size = 0 */
 187               	.L__stack_usage = 0
  60:/Users/davide/Documents/NQM_WORK/MinimizedBoard/Attiny48/i2ctest/MINI-RF/MINI-RF/cc1101.c ****     // pinMode(GDO0, INPUT);
  61:/Users/davide/Documents/NQM_WORK/MinimizedBoard/Attiny48/i2ctest/MINI-RF/MINI-RF/cc1101.c ****     // pinMode(GDO2, INPUT);
  62:/Users/davide/Documents/NQM_WORK/MinimizedBoard/Attiny48/i2ctest/MINI-RF/MINI-RF/cc1101.c ****     DDRD &= ~(1<<DDD2);
 189               	.LM12:
 190 0020 5298      		cbi 0xa,2
 191 0022 0895      		ret
 193               	.Lscope3:
 195               	.global	Reset
 197               	Reset:
  63:/Users/davide/Documents/NQM_WORK/MinimizedBoard/Attiny48/i2ctest/MINI-RF/MINI-RF/cc1101.c **** }
  64:/Users/davide/Documents/NQM_WORK/MinimizedBoard/Attiny48/i2ctest/MINI-RF/MINI-RF/cc1101.c **** 
  65:/Users/davide/Documents/NQM_WORK/MinimizedBoard/Attiny48/i2ctest/MINI-RF/MINI-RF/cc1101.c **** /****************************************************************
  66:/Users/davide/Documents/NQM_WORK/MinimizedBoard/Attiny48/i2ctest/MINI-RF/MINI-RF/cc1101.c ****  *FUNCTION NAME:Reset
  67:/Users/davide/Documents/NQM_WORK/MinimizedBoard/Attiny48/i2ctest/MINI-RF/MINI-RF/cc1101.c ****  *FUNCTION     :CC1101 reset //details refer datasheet of CC1101/CC1100//
  68:/Users/davide/Documents/NQM_WORK/MinimizedBoard/Attiny48/i2ctest/MINI-RF/MINI-RF/cc1101.c ****  *INPUT        :none
  69:/Users/davide/Documents/NQM_WORK/MinimizedBoard/Attiny48/i2ctest/MINI-RF/MINI-RF/cc1101.c ****  *OUTPUT       :none
  70:/Users/davide/Documents/NQM_WORK/MinimizedBoard/Attiny48/i2ctest/MINI-RF/MINI-RF/cc1101.c ****  ****************************************************************/
  71:/Users/davide/Documents/NQM_WORK/MinimizedBoard/Attiny48/i2ctest/MINI-RF/MINI-RF/cc1101.c **** void Reset (void)
  72:/Users/davide/Documents/NQM_WORK/MinimizedBoard/Attiny48/i2ctest/MINI-RF/MINI-RF/cc1101.c **** {
 199               	.LM13:
 200               	.LFBB4:
 201               	/* prologue: function */
 202               	/* frame size = 0 */
 203               	/* stack size = 0 */
 204               	.L__stack_usage = 0
  73:/Users/davide/Documents/NQM_WORK/MinimizedBoard/Attiny48/i2ctest/MINI-RF/MINI-RF/cc1101.c ****     //digitalWrite(SS_PIN, LOW);
  74:/Users/davide/Documents/NQM_WORK/MinimizedBoard/Attiny48/i2ctest/MINI-RF/MINI-RF/cc1101.c ****     PORTB &= ~(1<<PB2);
 206               	.LM14:
 207 0024 2A98      		cbi 0x5,2
 208               	.LBB6:
 209               	.LBB7:
 211               	.Ltext1:
   1:/usr/local/Cellar/avr-gcc/4.9.3/avr/include/util/delay.h **** /* Copyright (c) 2002, Marek Michalkiewicz
   2:/usr/local/Cellar/avr-gcc/4.9.3/avr/include/util/delay.h ****    Copyright (c) 2004,2005,2007 Joerg Wunsch
   3:/usr/local/Cellar/avr-gcc/4.9.3/avr/include/util/delay.h ****    Copyright (c) 2007  Florin-Viorel Petrov
   4:/usr/local/Cellar/avr-gcc/4.9.3/avr/include/util/delay.h ****    All rights reserved.
   5:/usr/local/Cellar/avr-gcc/4.9.3/avr/include/util/delay.h **** 
   6:/usr/local/Cellar/avr-gcc/4.9.3/avr/include/util/delay.h ****    Redistribution and use in source and binary forms, with or without
   7:/usr/local/Cellar/avr-gcc/4.9.3/avr/include/util/delay.h ****    modification, are permitted provided that the following conditions are met:
   8:/usr/local/Cellar/avr-gcc/4.9.3/avr/include/util/delay.h **** 
   9:/usr/local/Cellar/avr-gcc/4.9.3/avr/include/util/delay.h ****    * Redistributions of source code must retain the above copyright
  10:/usr/local/Cellar/avr-gcc/4.9.3/avr/include/util/delay.h ****      notice, this list of conditions and the following disclaimer.
  11:/usr/local/Cellar/avr-gcc/4.9.3/avr/include/util/delay.h **** 
  12:/usr/local/Cellar/avr-gcc/4.9.3/avr/include/util/delay.h ****    * Redistributions in binary form must reproduce the above copyright
  13:/usr/local/Cellar/avr-gcc/4.9.3/avr/include/util/delay.h ****      notice, this list of conditions and the following disclaimer in
  14:/usr/local/Cellar/avr-gcc/4.9.3/avr/include/util/delay.h ****      the documentation and/or other materials provided with the
  15:/usr/local/Cellar/avr-gcc/4.9.3/avr/include/util/delay.h ****      distribution.
  16:/usr/local/Cellar/avr-gcc/4.9.3/avr/include/util/delay.h **** 
  17:/usr/local/Cellar/avr-gcc/4.9.3/avr/include/util/delay.h ****    * Neither the name of the copyright holders nor the names of
  18:/usr/local/Cellar/avr-gcc/4.9.3/avr/include/util/delay.h ****      contributors may be used to endorse or promote products derived
  19:/usr/local/Cellar/avr-gcc/4.9.3/avr/include/util/delay.h ****      from this software without specific prior written permission.
  20:/usr/local/Cellar/avr-gcc/4.9.3/avr/include/util/delay.h **** 
  21:/usr/local/Cellar/avr-gcc/4.9.3/avr/include/util/delay.h ****   THIS SOFTWARE IS PROVIDED BY THE COPYRIGHT HOLDERS AND CONTRIBUTORS "AS IS"
  22:/usr/local/Cellar/avr-gcc/4.9.3/avr/include/util/delay.h ****   AND ANY EXPRESS OR IMPLIED WARRANTIES, INCLUDING, BUT NOT LIMITED TO, THE
  23:/usr/local/Cellar/avr-gcc/4.9.3/avr/include/util/delay.h ****   IMPLIED WARRANTIES OF MERCHANTABILITY AND FITNESS FOR A PARTICULAR PURPOSE
  24:/usr/local/Cellar/avr-gcc/4.9.3/avr/include/util/delay.h ****   ARE DISCLAIMED. IN NO EVENT SHALL THE COPYRIGHT OWNER OR CONTRIBUTORS BE
  25:/usr/local/Cellar/avr-gcc/4.9.3/avr/include/util/delay.h ****   LIABLE FOR ANY DIRECT, INDIRECT, INCIDENTAL, SPECIAL, EXEMPLARY, OR
  26:/usr/local/Cellar/avr-gcc/4.9.3/avr/include/util/delay.h ****   CONSEQUENTIAL DAMAGES (INCLUDING, BUT NOT LIMITED TO, PROCUREMENT OF
  27:/usr/local/Cellar/avr-gcc/4.9.3/avr/include/util/delay.h ****   SUBSTITUTE GOODS OR SERVICES; LOSS OF USE, DATA, OR PROFITS; OR BUSINESS
  28:/usr/local/Cellar/avr-gcc/4.9.3/avr/include/util/delay.h ****   INTERRUPTION) HOWEVER CAUSED AND ON ANY THEORY OF LIABILITY, WHETHER IN
  29:/usr/local/Cellar/avr-gcc/4.9.3/avr/include/util/delay.h ****   CONTRACT, STRICT LIABILITY, OR TORT (INCLUDING NEGLIGENCE OR OTHERWISE)
  30:/usr/local/Cellar/avr-gcc/4.9.3/avr/include/util/delay.h ****   ARISING IN ANY WAY OUT OF THE USE OF THIS SOFTWARE, EVEN IF ADVISED OF THE
  31:/usr/local/Cellar/avr-gcc/4.9.3/avr/include/util/delay.h ****   POSSIBILITY OF SUCH DAMAGE. */
  32:/usr/local/Cellar/avr-gcc/4.9.3/avr/include/util/delay.h **** 
  33:/usr/local/Cellar/avr-gcc/4.9.3/avr/include/util/delay.h **** /* $Id: delay.h.in 2385 2013-05-03 13:14:20Z joerg_wunsch $ */
  34:/usr/local/Cellar/avr-gcc/4.9.3/avr/include/util/delay.h **** 
  35:/usr/local/Cellar/avr-gcc/4.9.3/avr/include/util/delay.h **** #ifndef _UTIL_DELAY_H_
  36:/usr/local/Cellar/avr-gcc/4.9.3/avr/include/util/delay.h **** #define _UTIL_DELAY_H_ 1
  37:/usr/local/Cellar/avr-gcc/4.9.3/avr/include/util/delay.h **** 
  38:/usr/local/Cellar/avr-gcc/4.9.3/avr/include/util/delay.h **** #ifndef __HAS_DELAY_CYCLES
  39:/usr/local/Cellar/avr-gcc/4.9.3/avr/include/util/delay.h **** #define __HAS_DELAY_CYCLES 1
  40:/usr/local/Cellar/avr-gcc/4.9.3/avr/include/util/delay.h **** #endif
  41:/usr/local/Cellar/avr-gcc/4.9.3/avr/include/util/delay.h **** 
  42:/usr/local/Cellar/avr-gcc/4.9.3/avr/include/util/delay.h **** #include <inttypes.h>
  43:/usr/local/Cellar/avr-gcc/4.9.3/avr/include/util/delay.h **** #include <util/delay_basic.h>
  44:/usr/local/Cellar/avr-gcc/4.9.3/avr/include/util/delay.h **** #include <math.h>
  45:/usr/local/Cellar/avr-gcc/4.9.3/avr/include/util/delay.h **** 
  46:/usr/local/Cellar/avr-gcc/4.9.3/avr/include/util/delay.h **** /** \file */
  47:/usr/local/Cellar/avr-gcc/4.9.3/avr/include/util/delay.h **** /** \defgroup util_delay <util/delay.h>: Convenience functions for busy-wait delay loops
  48:/usr/local/Cellar/avr-gcc/4.9.3/avr/include/util/delay.h ****     \code
  49:/usr/local/Cellar/avr-gcc/4.9.3/avr/include/util/delay.h ****     #define F_CPU 1000000UL  // 1 MHz
  50:/usr/local/Cellar/avr-gcc/4.9.3/avr/include/util/delay.h ****     //#define F_CPU 14.7456E6
  51:/usr/local/Cellar/avr-gcc/4.9.3/avr/include/util/delay.h ****     #include <util/delay.h>
  52:/usr/local/Cellar/avr-gcc/4.9.3/avr/include/util/delay.h ****     \endcode
  53:/usr/local/Cellar/avr-gcc/4.9.3/avr/include/util/delay.h **** 
  54:/usr/local/Cellar/avr-gcc/4.9.3/avr/include/util/delay.h ****     \note As an alternative method, it is possible to pass the
  55:/usr/local/Cellar/avr-gcc/4.9.3/avr/include/util/delay.h ****     F_CPU macro down to the compiler from the Makefile.
  56:/usr/local/Cellar/avr-gcc/4.9.3/avr/include/util/delay.h ****     Obviously, in that case, no \c \#define statement should be
  57:/usr/local/Cellar/avr-gcc/4.9.3/avr/include/util/delay.h ****     used.
  58:/usr/local/Cellar/avr-gcc/4.9.3/avr/include/util/delay.h **** 
  59:/usr/local/Cellar/avr-gcc/4.9.3/avr/include/util/delay.h ****     The functions in this header file are wrappers around the basic
  60:/usr/local/Cellar/avr-gcc/4.9.3/avr/include/util/delay.h ****     busy-wait functions from <util/delay_basic.h>.  They are meant as
  61:/usr/local/Cellar/avr-gcc/4.9.3/avr/include/util/delay.h ****     convenience functions where actual time values can be specified
  62:/usr/local/Cellar/avr-gcc/4.9.3/avr/include/util/delay.h ****     rather than a number of cycles to wait for.  The idea behind is
  63:/usr/local/Cellar/avr-gcc/4.9.3/avr/include/util/delay.h ****     that compile-time constant expressions will be eliminated by
  64:/usr/local/Cellar/avr-gcc/4.9.3/avr/include/util/delay.h ****     compiler optimization so floating-point expressions can be used
  65:/usr/local/Cellar/avr-gcc/4.9.3/avr/include/util/delay.h ****     to calculate the number of delay cycles needed based on the CPU
  66:/usr/local/Cellar/avr-gcc/4.9.3/avr/include/util/delay.h ****     frequency passed by the macro F_CPU.
  67:/usr/local/Cellar/avr-gcc/4.9.3/avr/include/util/delay.h **** 
  68:/usr/local/Cellar/avr-gcc/4.9.3/avr/include/util/delay.h ****     \note In order for these functions to work as intended, compiler
  69:/usr/local/Cellar/avr-gcc/4.9.3/avr/include/util/delay.h ****     optimizations <em>must</em> be enabled, and the delay time
  70:/usr/local/Cellar/avr-gcc/4.9.3/avr/include/util/delay.h ****     <em>must</em> be an expression that is a known constant at
  71:/usr/local/Cellar/avr-gcc/4.9.3/avr/include/util/delay.h ****     compile-time.  If these requirements are not met, the resulting
  72:/usr/local/Cellar/avr-gcc/4.9.3/avr/include/util/delay.h ****     delay will be much longer (and basically unpredictable), and
  73:/usr/local/Cellar/avr-gcc/4.9.3/avr/include/util/delay.h ****     applications that otherwise do not use floating-point calculations
  74:/usr/local/Cellar/avr-gcc/4.9.3/avr/include/util/delay.h ****     will experience severe code bloat by the floating-point library
  75:/usr/local/Cellar/avr-gcc/4.9.3/avr/include/util/delay.h ****     routines linked into the application.
  76:/usr/local/Cellar/avr-gcc/4.9.3/avr/include/util/delay.h **** 
  77:/usr/local/Cellar/avr-gcc/4.9.3/avr/include/util/delay.h ****     The functions available allow the specification of microsecond, and
  78:/usr/local/Cellar/avr-gcc/4.9.3/avr/include/util/delay.h ****     millisecond delays directly, using the application-supplied macro
  79:/usr/local/Cellar/avr-gcc/4.9.3/avr/include/util/delay.h ****     F_CPU as the CPU clock frequency (in Hertz).
  80:/usr/local/Cellar/avr-gcc/4.9.3/avr/include/util/delay.h **** 
  81:/usr/local/Cellar/avr-gcc/4.9.3/avr/include/util/delay.h **** */
  82:/usr/local/Cellar/avr-gcc/4.9.3/avr/include/util/delay.h **** 
  83:/usr/local/Cellar/avr-gcc/4.9.3/avr/include/util/delay.h **** #if !defined(__DOXYGEN__)
  84:/usr/local/Cellar/avr-gcc/4.9.3/avr/include/util/delay.h **** static inline void _delay_us(double __us) __attribute__((always_inline));
  85:/usr/local/Cellar/avr-gcc/4.9.3/avr/include/util/delay.h **** static inline void _delay_ms(double __ms) __attribute__((always_inline));
  86:/usr/local/Cellar/avr-gcc/4.9.3/avr/include/util/delay.h **** #endif
  87:/usr/local/Cellar/avr-gcc/4.9.3/avr/include/util/delay.h **** 
  88:/usr/local/Cellar/avr-gcc/4.9.3/avr/include/util/delay.h **** #ifndef F_CPU
  89:/usr/local/Cellar/avr-gcc/4.9.3/avr/include/util/delay.h **** /* prevent compiler error by supplying a default */
  90:/usr/local/Cellar/avr-gcc/4.9.3/avr/include/util/delay.h **** # warning "F_CPU not defined for <util/delay.h>"
  91:/usr/local/Cellar/avr-gcc/4.9.3/avr/include/util/delay.h **** # define F_CPU 1000000UL
  92:/usr/local/Cellar/avr-gcc/4.9.3/avr/include/util/delay.h **** #endif
  93:/usr/local/Cellar/avr-gcc/4.9.3/avr/include/util/delay.h **** 
  94:/usr/local/Cellar/avr-gcc/4.9.3/avr/include/util/delay.h **** #ifndef __OPTIMIZE__
  95:/usr/local/Cellar/avr-gcc/4.9.3/avr/include/util/delay.h **** # warning "Compiler optimizations disabled; functions from <util/delay.h> won't work as designed"
  96:/usr/local/Cellar/avr-gcc/4.9.3/avr/include/util/delay.h **** #endif
  97:/usr/local/Cellar/avr-gcc/4.9.3/avr/include/util/delay.h **** 
  98:/usr/local/Cellar/avr-gcc/4.9.3/avr/include/util/delay.h **** #if __HAS_DELAY_CYCLES && defined(__OPTIMIZE__) && \
  99:/usr/local/Cellar/avr-gcc/4.9.3/avr/include/util/delay.h ****   !defined(__DELAY_BACKWARD_COMPATIBLE__) &&	   \
 100:/usr/local/Cellar/avr-gcc/4.9.3/avr/include/util/delay.h ****   __STDC_HOSTED__
 101:/usr/local/Cellar/avr-gcc/4.9.3/avr/include/util/delay.h **** #  include <math.h>
 102:/usr/local/Cellar/avr-gcc/4.9.3/avr/include/util/delay.h **** #endif
 103:/usr/local/Cellar/avr-gcc/4.9.3/avr/include/util/delay.h **** 
 104:/usr/local/Cellar/avr-gcc/4.9.3/avr/include/util/delay.h **** /**
 105:/usr/local/Cellar/avr-gcc/4.9.3/avr/include/util/delay.h ****    \ingroup util_delay
 106:/usr/local/Cellar/avr-gcc/4.9.3/avr/include/util/delay.h **** 
 107:/usr/local/Cellar/avr-gcc/4.9.3/avr/include/util/delay.h ****    Perform a delay of \c __ms milliseconds, using _delay_loop_2().
 108:/usr/local/Cellar/avr-gcc/4.9.3/avr/include/util/delay.h **** 
 109:/usr/local/Cellar/avr-gcc/4.9.3/avr/include/util/delay.h ****    The macro F_CPU is supposed to be defined to a
 110:/usr/local/Cellar/avr-gcc/4.9.3/avr/include/util/delay.h ****    constant defining the CPU clock frequency (in Hertz).
 111:/usr/local/Cellar/avr-gcc/4.9.3/avr/include/util/delay.h **** 
 112:/usr/local/Cellar/avr-gcc/4.9.3/avr/include/util/delay.h ****    The maximal possible delay is 262.14 ms / F_CPU in MHz.
 113:/usr/local/Cellar/avr-gcc/4.9.3/avr/include/util/delay.h **** 
 114:/usr/local/Cellar/avr-gcc/4.9.3/avr/include/util/delay.h ****    When the user request delay which exceed the maximum possible one,
 115:/usr/local/Cellar/avr-gcc/4.9.3/avr/include/util/delay.h ****    _delay_ms() provides a decreased resolution functionality. In this
 116:/usr/local/Cellar/avr-gcc/4.9.3/avr/include/util/delay.h ****    mode _delay_ms() will work with a resolution of 1/10 ms, providing
 117:/usr/local/Cellar/avr-gcc/4.9.3/avr/include/util/delay.h ****    delays up to 6.5535 seconds (independent from CPU frequency).  The
 118:/usr/local/Cellar/avr-gcc/4.9.3/avr/include/util/delay.h ****    user will not be informed about decreased resolution.
 119:/usr/local/Cellar/avr-gcc/4.9.3/avr/include/util/delay.h **** 
 120:/usr/local/Cellar/avr-gcc/4.9.3/avr/include/util/delay.h ****    If the avr-gcc toolchain has __builtin_avr_delay_cycles(unsigned long)
 121:/usr/local/Cellar/avr-gcc/4.9.3/avr/include/util/delay.h ****    support, maximal possible delay is 4294967.295 ms/ F_CPU in MHz. For
 122:/usr/local/Cellar/avr-gcc/4.9.3/avr/include/util/delay.h ****    values greater than the maximal possible delay, overflows results in
 123:/usr/local/Cellar/avr-gcc/4.9.3/avr/include/util/delay.h ****    no delay i.e., 0ms.
 124:/usr/local/Cellar/avr-gcc/4.9.3/avr/include/util/delay.h **** 
 125:/usr/local/Cellar/avr-gcc/4.9.3/avr/include/util/delay.h ****    Conversion of __us into clock cycles may not always result in integer.
 126:/usr/local/Cellar/avr-gcc/4.9.3/avr/include/util/delay.h ****    By default, the clock cycles rounded up to next integer. This ensures that
 127:/usr/local/Cellar/avr-gcc/4.9.3/avr/include/util/delay.h ****    the user gets atleast __us microseconds of delay.
 128:/usr/local/Cellar/avr-gcc/4.9.3/avr/include/util/delay.h **** 
 129:/usr/local/Cellar/avr-gcc/4.9.3/avr/include/util/delay.h ****    Alternatively, user can define __DELAY_ROUND_DOWN__ and __DELAY_ROUND_CLOSEST__
 130:/usr/local/Cellar/avr-gcc/4.9.3/avr/include/util/delay.h ****    to round down and round to closest integer.
 131:/usr/local/Cellar/avr-gcc/4.9.3/avr/include/util/delay.h **** 
 132:/usr/local/Cellar/avr-gcc/4.9.3/avr/include/util/delay.h ****    Note: The new implementation of _delay_ms(double __ms) with 
 133:/usr/local/Cellar/avr-gcc/4.9.3/avr/include/util/delay.h ****     __builtin_avr_delay_cycles(unsigned long) support is not backward compatible. 
 134:/usr/local/Cellar/avr-gcc/4.9.3/avr/include/util/delay.h ****    User can define __DELAY_BACKWARD_COMPATIBLE__ to get a backward compatible delay.
 135:/usr/local/Cellar/avr-gcc/4.9.3/avr/include/util/delay.h ****    Also, the backward compatible
 136:/usr/local/Cellar/avr-gcc/4.9.3/avr/include/util/delay.h ****    algorithm will be chosen if the code is compiled in a <em>freestanding
 137:/usr/local/Cellar/avr-gcc/4.9.3/avr/include/util/delay.h ****    environment</em> (GCC option \c -ffreestanding), as the math functions
 138:/usr/local/Cellar/avr-gcc/4.9.3/avr/include/util/delay.h ****    required for rounding are not available to the compiler then.
 139:/usr/local/Cellar/avr-gcc/4.9.3/avr/include/util/delay.h **** 
 140:/usr/local/Cellar/avr-gcc/4.9.3/avr/include/util/delay.h ****  */
 141:/usr/local/Cellar/avr-gcc/4.9.3/avr/include/util/delay.h **** void
 142:/usr/local/Cellar/avr-gcc/4.9.3/avr/include/util/delay.h **** _delay_ms(double __ms)
 143:/usr/local/Cellar/avr-gcc/4.9.3/avr/include/util/delay.h **** {
 144:/usr/local/Cellar/avr-gcc/4.9.3/avr/include/util/delay.h **** 	double __tmp ; 
 145:/usr/local/Cellar/avr-gcc/4.9.3/avr/include/util/delay.h **** #if __HAS_DELAY_CYCLES && defined(__OPTIMIZE__) && \
 146:/usr/local/Cellar/avr-gcc/4.9.3/avr/include/util/delay.h ****   !defined(__DELAY_BACKWARD_COMPATIBLE__) &&	   \
 147:/usr/local/Cellar/avr-gcc/4.9.3/avr/include/util/delay.h ****   __STDC_HOSTED__
 148:/usr/local/Cellar/avr-gcc/4.9.3/avr/include/util/delay.h **** 	uint32_t __ticks_dc;
 149:/usr/local/Cellar/avr-gcc/4.9.3/avr/include/util/delay.h **** 	extern void __builtin_avr_delay_cycles(unsigned long);
 150:/usr/local/Cellar/avr-gcc/4.9.3/avr/include/util/delay.h **** 	__tmp = ((F_CPU) / 1e3) * __ms;
 151:/usr/local/Cellar/avr-gcc/4.9.3/avr/include/util/delay.h **** 
 152:/usr/local/Cellar/avr-gcc/4.9.3/avr/include/util/delay.h **** 	#if defined(__DELAY_ROUND_DOWN__)
 153:/usr/local/Cellar/avr-gcc/4.9.3/avr/include/util/delay.h **** 		__ticks_dc = (uint32_t)fabs(__tmp);
 154:/usr/local/Cellar/avr-gcc/4.9.3/avr/include/util/delay.h **** 
 155:/usr/local/Cellar/avr-gcc/4.9.3/avr/include/util/delay.h **** 	#elif defined(__DELAY_ROUND_CLOSEST__)
 156:/usr/local/Cellar/avr-gcc/4.9.3/avr/include/util/delay.h **** 		__ticks_dc = (uint32_t)(fabs(__tmp)+0.5);
 157:/usr/local/Cellar/avr-gcc/4.9.3/avr/include/util/delay.h **** 
 158:/usr/local/Cellar/avr-gcc/4.9.3/avr/include/util/delay.h **** 	#else
 159:/usr/local/Cellar/avr-gcc/4.9.3/avr/include/util/delay.h **** 		//round up by default
 160:/usr/local/Cellar/avr-gcc/4.9.3/avr/include/util/delay.h **** 		__ticks_dc = (uint32_t)(ceil(fabs(__tmp)));
 161:/usr/local/Cellar/avr-gcc/4.9.3/avr/include/util/delay.h **** 	#endif
 162:/usr/local/Cellar/avr-gcc/4.9.3/avr/include/util/delay.h **** 
 163:/usr/local/Cellar/avr-gcc/4.9.3/avr/include/util/delay.h **** 	__builtin_avr_delay_cycles(__ticks_dc);
 213               	.LM15:
 214 0026 8FEC      		ldi r24,lo8(1999)
 215 0028 97E0      		ldi r25,hi8(1999)
 216 002a 0197      		1: sbiw r24,1
 217 002c 01F4      		brne 1b
 218 002e 00C0      		rjmp .
 219 0030 0000      		nop
 220               	.LBE7:
 221               	.LBE6:
 223               	.Ltext2:
  75:/Users/davide/Documents/NQM_WORK/MinimizedBoard/Attiny48/i2ctest/MINI-RF/MINI-RF/cc1101.c ****     _delay_ms(1);
  76:/Users/davide/Documents/NQM_WORK/MinimizedBoard/Attiny48/i2ctest/MINI-RF/MINI-RF/cc1101.c ****     //digitalWrite(SS_PIN, HIGH);
  77:/Users/davide/Documents/NQM_WORK/MinimizedBoard/Attiny48/i2ctest/MINI-RF/MINI-RF/cc1101.c ****     PORTB |= (1<<PB2);
 225               	.LM16:
 226 0032 2A9A      		sbi 0x5,2
 227               	.LBB8:
 228               	.LBB9:
 230               	.Ltext3:
 232               	.LM17:
 233 0034 8FEC      		ldi r24,lo8(1999)
 234 0036 97E0      		ldi r25,hi8(1999)
 235 0038 0197      		1: sbiw r24,1
 236 003a 01F4      		brne 1b
 237 003c 00C0      		rjmp .
 238 003e 0000      		nop
 239               	.LBE9:
 240               	.LBE8:
 242               	.Ltext4:
  78:/Users/davide/Documents/NQM_WORK/MinimizedBoard/Attiny48/i2ctest/MINI-RF/MINI-RF/cc1101.c ****     _delay_ms(1);
  79:/Users/davide/Documents/NQM_WORK/MinimizedBoard/Attiny48/i2ctest/MINI-RF/MINI-RF/cc1101.c ****     //digitalWrite(SS_PIN, LOW);
  80:/Users/davide/Documents/NQM_WORK/MinimizedBoard/Attiny48/i2ctest/MINI-RF/MINI-RF/cc1101.c ****     PORTB &= ~(1<<PB2);
 244               	.LM18:
 245 0040 2A98      		cbi 0x5,2
 246               	.L8:
  81:/Users/davide/Documents/NQM_WORK/MinimizedBoard/Attiny48/i2ctest/MINI-RF/MINI-RF/cc1101.c ****     //while(digitalRead(MISO_PIN));
  82:/Users/davide/Documents/NQM_WORK/MinimizedBoard/Attiny48/i2ctest/MINI-RF/MINI-RF/cc1101.c ****     wait_Miso();
 248               	.LM19:
 249 0042 1C99      		sbic 0x3,4
 250 0044 00C0      		rjmp .L8
  83:/Users/davide/Documents/NQM_WORK/MinimizedBoard/Attiny48/i2ctest/MINI-RF/MINI-RF/cc1101.c ****     SpiTransfer(CC1101_SRES);
 252               	.LM20:
 253 0046 80E3      		ldi r24,lo8(48)
 254 0048 00D0      		rcall SpiTransfer
 255               	.L9:
  84:/Users/davide/Documents/NQM_WORK/MinimizedBoard/Attiny48/i2ctest/MINI-RF/MINI-RF/cc1101.c ****     //while(digitalRead(MISO_PIN));
  85:/Users/davide/Documents/NQM_WORK/MinimizedBoard/Attiny48/i2ctest/MINI-RF/MINI-RF/cc1101.c ****     wait_Miso();
 257               	.LM21:
 258 004a 1C99      		sbic 0x3,4
 259 004c 00C0      		rjmp .L9
  86:/Users/davide/Documents/NQM_WORK/MinimizedBoard/Attiny48/i2ctest/MINI-RF/MINI-RF/cc1101.c ****     //digitalWrite(SS_PIN, HIGH);]
  87:/Users/davide/Documents/NQM_WORK/MinimizedBoard/Attiny48/i2ctest/MINI-RF/MINI-RF/cc1101.c ****     PORTB = (1<<PB2);
 261               	.LM22:
 262 004e 84E0      		ldi r24,lo8(4)
 263 0050 85B9      		out 0x5,r24
 264 0052 0895      		ret
 266               	.Lscope4:
 270               	.global	SpiWriteReg
 272               	SpiWriteReg:
  88:/Users/davide/Documents/NQM_WORK/MinimizedBoard/Attiny48/i2ctest/MINI-RF/MINI-RF/cc1101.c **** }
  89:/Users/davide/Documents/NQM_WORK/MinimizedBoard/Attiny48/i2ctest/MINI-RF/MINI-RF/cc1101.c **** 
  90:/Users/davide/Documents/NQM_WORK/MinimizedBoard/Attiny48/i2ctest/MINI-RF/MINI-RF/cc1101.c **** /****************************************************************
  91:/Users/davide/Documents/NQM_WORK/MinimizedBoard/Attiny48/i2ctest/MINI-RF/MINI-RF/cc1101.c ****  *FUNCTION NAME:Init
  92:/Users/davide/Documents/NQM_WORK/MinimizedBoard/Attiny48/i2ctest/MINI-RF/MINI-RF/cc1101.c ****  *FUNCTION     :CC1101 initialization
  93:/Users/davide/Documents/NQM_WORK/MinimizedBoard/Attiny48/i2ctest/MINI-RF/MINI-RF/cc1101.c ****  *INPUT        :none
  94:/Users/davide/Documents/NQM_WORK/MinimizedBoard/Attiny48/i2ctest/MINI-RF/MINI-RF/cc1101.c ****  *OUTPUT       :none
  95:/Users/davide/Documents/NQM_WORK/MinimizedBoard/Attiny48/i2ctest/MINI-RF/MINI-RF/cc1101.c ****  ****************************************************************/
  96:/Users/davide/Documents/NQM_WORK/MinimizedBoard/Attiny48/i2ctest/MINI-RF/MINI-RF/cc1101.c **** void Init(void)
  97:/Users/davide/Documents/NQM_WORK/MinimizedBoard/Attiny48/i2ctest/MINI-RF/MINI-RF/cc1101.c **** {
  98:/Users/davide/Documents/NQM_WORK/MinimizedBoard/Attiny48/i2ctest/MINI-RF/MINI-RF/cc1101.c ****     SpiInit();                                      //spi initialization
  99:/Users/davide/Documents/NQM_WORK/MinimizedBoard/Attiny48/i2ctest/MINI-RF/MINI-RF/cc1101.c ****     GDO_Set();                                     //GDO set
 100:/Users/davide/Documents/NQM_WORK/MinimizedBoard/Attiny48/i2ctest/MINI-RF/MINI-RF/cc1101.c ****     //digitalWrite(SS_PIN, HIGH);
 101:/Users/davide/Documents/NQM_WORK/MinimizedBoard/Attiny48/i2ctest/MINI-RF/MINI-RF/cc1101.c ****     PORTB = (1<<PB2);
 102:/Users/davide/Documents/NQM_WORK/MinimizedBoard/Attiny48/i2ctest/MINI-RF/MINI-RF/cc1101.c ****     //digitalWrite(SCK_PIN, HIGH);
 103:/Users/davide/Documents/NQM_WORK/MinimizedBoard/Attiny48/i2ctest/MINI-RF/MINI-RF/cc1101.c ****     PORTB = (1<<PB5);
 104:/Users/davide/Documents/NQM_WORK/MinimizedBoard/Attiny48/i2ctest/MINI-RF/MINI-RF/cc1101.c ****     //digitalWrite(MOSI_PIN, LOW);
 105:/Users/davide/Documents/NQM_WORK/MinimizedBoard/Attiny48/i2ctest/MINI-RF/MINI-RF/cc1101.c ****     PORTB &= ~(1<<PB3);
 106:/Users/davide/Documents/NQM_WORK/MinimizedBoard/Attiny48/i2ctest/MINI-RF/MINI-RF/cc1101.c ****     Reset();                                       //CC1101 reset
 107:/Users/davide/Documents/NQM_WORK/MinimizedBoard/Attiny48/i2ctest/MINI-RF/MINI-RF/cc1101.c ****     RegConfigSettings();                           //CC1101 register config
 108:/Users/davide/Documents/NQM_WORK/MinimizedBoard/Attiny48/i2ctest/MINI-RF/MINI-RF/cc1101.c ****     SpiWriteBurstReg(CC1101_PATABLE,PaTabel,8);        //CC1101 PATABLE config
 109:/Users/davide/Documents/NQM_WORK/MinimizedBoard/Attiny48/i2ctest/MINI-RF/MINI-RF/cc1101.c **** }
 110:/Users/davide/Documents/NQM_WORK/MinimizedBoard/Attiny48/i2ctest/MINI-RF/MINI-RF/cc1101.c **** 
 111:/Users/davide/Documents/NQM_WORK/MinimizedBoard/Attiny48/i2ctest/MINI-RF/MINI-RF/cc1101.c **** 
 112:/Users/davide/Documents/NQM_WORK/MinimizedBoard/Attiny48/i2ctest/MINI-RF/MINI-RF/cc1101.c **** /****************************************************************
 113:/Users/davide/Documents/NQM_WORK/MinimizedBoard/Attiny48/i2ctest/MINI-RF/MINI-RF/cc1101.c ****  *FUNCTION NAME:SpiWriteReg
 114:/Users/davide/Documents/NQM_WORK/MinimizedBoard/Attiny48/i2ctest/MINI-RF/MINI-RF/cc1101.c ****  *FUNCTION     :CC1101 write data to register
 115:/Users/davide/Documents/NQM_WORK/MinimizedBoard/Attiny48/i2ctest/MINI-RF/MINI-RF/cc1101.c ****  *INPUT        :addr: register address; value: register value
 116:/Users/davide/Documents/NQM_WORK/MinimizedBoard/Attiny48/i2ctest/MINI-RF/MINI-RF/cc1101.c ****  *OUTPUT       :none
 117:/Users/davide/Documents/NQM_WORK/MinimizedBoard/Attiny48/i2ctest/MINI-RF/MINI-RF/cc1101.c ****  ****************************************************************/
 118:/Users/davide/Documents/NQM_WORK/MinimizedBoard/Attiny48/i2ctest/MINI-RF/MINI-RF/cc1101.c **** void SpiWriteReg(byte addr, byte value)
 119:/Users/davide/Documents/NQM_WORK/MinimizedBoard/Attiny48/i2ctest/MINI-RF/MINI-RF/cc1101.c **** {
 274               	.LM23:
 275               	.LFBB5:
 276 0054 CF93      		push r28
 277 0056 DF93      		push r29
 278 0058 1F92      		push __zero_reg__
 279 005a CDB7      		in r28,__SP_L__
 280 005c DEB7      		in r29,__SP_H__
 281               	/* prologue: function */
 282               	/* frame size = 1 */
 283               	/* stack size = 3 */
 284               	.L__stack_usage = 3
 120:/Users/davide/Documents/NQM_WORK/MinimizedBoard/Attiny48/i2ctest/MINI-RF/MINI-RF/cc1101.c ****     //digitalWrite(SS_PIN, LOW);
 121:/Users/davide/Documents/NQM_WORK/MinimizedBoard/Attiny48/i2ctest/MINI-RF/MINI-RF/cc1101.c ****     PORTB &= ~(1<<PB2);
 286               	.LM24:
 287 005e 2A98      		cbi 0x5,2
 288               	.L13:
 122:/Users/davide/Documents/NQM_WORK/MinimizedBoard/Attiny48/i2ctest/MINI-RF/MINI-RF/cc1101.c ****     //while(digitalRead(MISO_PIN));
 123:/Users/davide/Documents/NQM_WORK/MinimizedBoard/Attiny48/i2ctest/MINI-RF/MINI-RF/cc1101.c ****     wait_Miso();
 290               	.LM25:
 291 0060 1C99      		sbic 0x3,4
 292 0062 00C0      		rjmp .L13
 124:/Users/davide/Documents/NQM_WORK/MinimizedBoard/Attiny48/i2ctest/MINI-RF/MINI-RF/cc1101.c ****     SpiTransfer(addr);
 294               	.LM26:
 295 0064 6983      		std Y+1,r22
 296 0066 00D0      		rcall SpiTransfer
 125:/Users/davide/Documents/NQM_WORK/MinimizedBoard/Attiny48/i2ctest/MINI-RF/MINI-RF/cc1101.c ****     SpiTransfer(value);
 298               	.LM27:
 299 0068 6981      		ldd r22,Y+1
 300 006a 862F      		mov r24,r22
 301               	/* epilogue start */
 126:/Users/davide/Documents/NQM_WORK/MinimizedBoard/Attiny48/i2ctest/MINI-RF/MINI-RF/cc1101.c ****     //digitalWrite(SS_PIN, HIGH);
 127:/Users/davide/Documents/NQM_WORK/MinimizedBoard/Attiny48/i2ctest/MINI-RF/MINI-RF/cc1101.c **** }
 303               	.LM28:
 304 006c 0F90      		pop __tmp_reg__
 305 006e DF91      		pop r29
 306 0070 CF91      		pop r28
 125:/Users/davide/Documents/NQM_WORK/MinimizedBoard/Attiny48/i2ctest/MINI-RF/MINI-RF/cc1101.c ****     SpiTransfer(value);
 308               	.LM29:
 309 0072 00C0      		rjmp SpiTransfer
 311               	.Lscope5:
 315               	.global	SpiWriteBurstReg
 317               	SpiWriteBurstReg:
 128:/Users/davide/Documents/NQM_WORK/MinimizedBoard/Attiny48/i2ctest/MINI-RF/MINI-RF/cc1101.c **** 
 129:/Users/davide/Documents/NQM_WORK/MinimizedBoard/Attiny48/i2ctest/MINI-RF/MINI-RF/cc1101.c **** /****************************************************************
 130:/Users/davide/Documents/NQM_WORK/MinimizedBoard/Attiny48/i2ctest/MINI-RF/MINI-RF/cc1101.c ****  *FUNCTION NAME:SpiWriteBurstReg
 131:/Users/davide/Documents/NQM_WORK/MinimizedBoard/Attiny48/i2ctest/MINI-RF/MINI-RF/cc1101.c ****  *FUNCTION     :CC1101 write burst data to register
 132:/Users/davide/Documents/NQM_WORK/MinimizedBoard/Attiny48/i2ctest/MINI-RF/MINI-RF/cc1101.c ****  *INPUT        :addr: register address; buffer:register value array; num:number to write
 133:/Users/davide/Documents/NQM_WORK/MinimizedBoard/Attiny48/i2ctest/MINI-RF/MINI-RF/cc1101.c ****  *OUTPUT       :none
 134:/Users/davide/Documents/NQM_WORK/MinimizedBoard/Attiny48/i2ctest/MINI-RF/MINI-RF/cc1101.c ****  ****************************************************************/
 135:/Users/davide/Documents/NQM_WORK/MinimizedBoard/Attiny48/i2ctest/MINI-RF/MINI-RF/cc1101.c **** void SpiWriteBurstReg(byte addr, byte *buffer, byte num)
 136:/Users/davide/Documents/NQM_WORK/MinimizedBoard/Attiny48/i2ctest/MINI-RF/MINI-RF/cc1101.c **** {
 319               	.LM30:
 320               	.LFBB6:
 321 0074 EF92      		push r14
 322 0076 FF92      		push r15
 323 0078 0F93      		push r16
 324 007a 1F93      		push r17
 325 007c CF93      		push r28
 326 007e DF93      		push r29
 327 0080 00D0      		rcall .
 328 0082 CDB7      		in r28,__SP_L__
 329 0084 DEB7      		in r29,__SP_H__
 330               	/* prologue: function */
 331               	/* frame size = 2 */
 332               	/* stack size = 8 */
 333               	.L__stack_usage = 8
 334 0086 142F      		mov r17,r20
 137:/Users/davide/Documents/NQM_WORK/MinimizedBoard/Attiny48/i2ctest/MINI-RF/MINI-RF/cc1101.c ****     byte i, temp;
 138:/Users/davide/Documents/NQM_WORK/MinimizedBoard/Attiny48/i2ctest/MINI-RF/MINI-RF/cc1101.c ****     
 139:/Users/davide/Documents/NQM_WORK/MinimizedBoard/Attiny48/i2ctest/MINI-RF/MINI-RF/cc1101.c ****     temp = addr | WRITE_BURST;
 336               	.LM31:
 337 0088 8064      		ori r24,lo8(64)
 140:/Users/davide/Documents/NQM_WORK/MinimizedBoard/Attiny48/i2ctest/MINI-RF/MINI-RF/cc1101.c ****     //digitalWrite(SS_PIN, LOW);
 141:/Users/davide/Documents/NQM_WORK/MinimizedBoard/Attiny48/i2ctest/MINI-RF/MINI-RF/cc1101.c ****     PORTB &= ~(1<<PB2);
 339               	.LM32:
 340 008a 2A98      		cbi 0x5,2
 341               	.L16:
 142:/Users/davide/Documents/NQM_WORK/MinimizedBoard/Attiny48/i2ctest/MINI-RF/MINI-RF/cc1101.c ****     //while(digitalRead(MISO_PIN));
 143:/Users/davide/Documents/NQM_WORK/MinimizedBoard/Attiny48/i2ctest/MINI-RF/MINI-RF/cc1101.c ****     wait_Miso();
 343               	.LM33:
 344 008c 1C99      		sbic 0x3,4
 345 008e 00C0      		rjmp .L16
 144:/Users/davide/Documents/NQM_WORK/MinimizedBoard/Attiny48/i2ctest/MINI-RF/MINI-RF/cc1101.c ****     SpiTransfer(temp);
 347               	.LM34:
 348 0090 6983      		std Y+1,r22
 349 0092 7A83      		std Y+2,r23
 350 0094 00D0      		rcall SpiTransfer
 351 0096 6981      		ldd r22,Y+1
 352 0098 062F      		mov r16,r22
 145:/Users/davide/Documents/NQM_WORK/MinimizedBoard/Attiny48/i2ctest/MINI-RF/MINI-RF/cc1101.c ****     for (i = 0; i < num; i++)
 354               	.LM35:
 355 009a E62E      		mov r14,r22
 356 009c 7A81      		ldd r23,Y+2
 357 009e F72E      		mov r15,r23
 358               	.L17:
 359 00a0 8E2D      		mov r24,r14
 360 00a2 801B      		sub r24,r16
 362               	.LM36:
 363 00a4 8117      		cp r24,r17
 364 00a6 00F4      		brsh .L20
 146:/Users/davide/Documents/NQM_WORK/MinimizedBoard/Attiny48/i2ctest/MINI-RF/MINI-RF/cc1101.c ****     {
 147:/Users/davide/Documents/NQM_WORK/MinimizedBoard/Attiny48/i2ctest/MINI-RF/MINI-RF/cc1101.c ****         SpiTransfer(buffer[i]);
 366               	.LM37:
 367 00a8 F701      		movw r30,r14
 368 00aa 8191      		ld r24,Z+
 369 00ac 7F01      		movw r14,r30
 370 00ae 00D0      		rcall SpiTransfer
 371 00b0 00C0      		rjmp .L17
 372               	.L20:
 148:/Users/davide/Documents/NQM_WORK/MinimizedBoard/Attiny48/i2ctest/MINI-RF/MINI-RF/cc1101.c ****     }
 149:/Users/davide/Documents/NQM_WORK/MinimizedBoard/Attiny48/i2ctest/MINI-RF/MINI-RF/cc1101.c ****     //digitalWrite(SS_PIN, HIGH);
 150:/Users/davide/Documents/NQM_WORK/MinimizedBoard/Attiny48/i2ctest/MINI-RF/MINI-RF/cc1101.c ****     PORTB = (1<<PB2);
 374               	.LM38:
 375 00b2 84E0      		ldi r24,lo8(4)
 376 00b4 85B9      		out 0x5,r24
 377               	/* epilogue start */
 151:/Users/davide/Documents/NQM_WORK/MinimizedBoard/Attiny48/i2ctest/MINI-RF/MINI-RF/cc1101.c **** }
 379               	.LM39:
 380 00b6 0F90      		pop __tmp_reg__
 381 00b8 0F90      		pop __tmp_reg__
 382 00ba DF91      		pop r29
 383 00bc CF91      		pop r28
 384 00be 1F91      		pop r17
 385 00c0 0F91      		pop r16
 386 00c2 FF90      		pop r15
 387 00c4 EF90      		pop r14
 388 00c6 0895      		ret
 393               	.Lscope6:
 396               	.global	SpiStrobe
 398               	SpiStrobe:
 152:/Users/davide/Documents/NQM_WORK/MinimizedBoard/Attiny48/i2ctest/MINI-RF/MINI-RF/cc1101.c **** 
 153:/Users/davide/Documents/NQM_WORK/MinimizedBoard/Attiny48/i2ctest/MINI-RF/MINI-RF/cc1101.c **** /****************************************************************
 154:/Users/davide/Documents/NQM_WORK/MinimizedBoard/Attiny48/i2ctest/MINI-RF/MINI-RF/cc1101.c ****  *FUNCTION NAME:SpiStrobe
 155:/Users/davide/Documents/NQM_WORK/MinimizedBoard/Attiny48/i2ctest/MINI-RF/MINI-RF/cc1101.c ****  *FUNCTION     :CC1101 Strobe
 156:/Users/davide/Documents/NQM_WORK/MinimizedBoard/Attiny48/i2ctest/MINI-RF/MINI-RF/cc1101.c ****  *INPUT        :strobe: command; //refer define in CC1101.h//
 157:/Users/davide/Documents/NQM_WORK/MinimizedBoard/Attiny48/i2ctest/MINI-RF/MINI-RF/cc1101.c ****  *OUTPUT       :none
 158:/Users/davide/Documents/NQM_WORK/MinimizedBoard/Attiny48/i2ctest/MINI-RF/MINI-RF/cc1101.c ****  ****************************************************************/
 159:/Users/davide/Documents/NQM_WORK/MinimizedBoard/Attiny48/i2ctest/MINI-RF/MINI-RF/cc1101.c **** void SpiStrobe(byte strobe)
 160:/Users/davide/Documents/NQM_WORK/MinimizedBoard/Attiny48/i2ctest/MINI-RF/MINI-RF/cc1101.c **** {
 400               	.LM40:
 401               	.LFBB7:
 402               	/* prologue: function */
 403               	/* frame size = 0 */
 404               	/* stack size = 0 */
 405               	.L__stack_usage = 0
 161:/Users/davide/Documents/NQM_WORK/MinimizedBoard/Attiny48/i2ctest/MINI-RF/MINI-RF/cc1101.c ****     //digitalWrite(SS_PIN, LOW);
 162:/Users/davide/Documents/NQM_WORK/MinimizedBoard/Attiny48/i2ctest/MINI-RF/MINI-RF/cc1101.c ****     PORTB &= ~(1<<PB2);
 407               	.LM41:
 408 00c8 2A98      		cbi 0x5,2
 409               	.L22:
 163:/Users/davide/Documents/NQM_WORK/MinimizedBoard/Attiny48/i2ctest/MINI-RF/MINI-RF/cc1101.c ****     //while(digitalRead(MISO_PIN));
 164:/Users/davide/Documents/NQM_WORK/MinimizedBoard/Attiny48/i2ctest/MINI-RF/MINI-RF/cc1101.c ****     wait_Miso();
 411               	.LM42:
 412 00ca 1C99      		sbic 0x3,4
 413 00cc 00C0      		rjmp .L22
 165:/Users/davide/Documents/NQM_WORK/MinimizedBoard/Attiny48/i2ctest/MINI-RF/MINI-RF/cc1101.c ****     SpiTransfer(strobe);
 415               	.LM43:
 416 00ce 00D0      		rcall SpiTransfer
 166:/Users/davide/Documents/NQM_WORK/MinimizedBoard/Attiny48/i2ctest/MINI-RF/MINI-RF/cc1101.c ****     //digitalWrite(SS_PIN, HIGH);
 167:/Users/davide/Documents/NQM_WORK/MinimizedBoard/Attiny48/i2ctest/MINI-RF/MINI-RF/cc1101.c ****     PORTB = (1<<PB2);
 418               	.LM44:
 419 00d0 84E0      		ldi r24,lo8(4)
 420 00d2 85B9      		out 0x5,r24
 421 00d4 0895      		ret
 423               	.Lscope7:
 426               	.global	SpiReadReg
 428               	SpiReadReg:
 168:/Users/davide/Documents/NQM_WORK/MinimizedBoard/Attiny48/i2ctest/MINI-RF/MINI-RF/cc1101.c **** }
 169:/Users/davide/Documents/NQM_WORK/MinimizedBoard/Attiny48/i2ctest/MINI-RF/MINI-RF/cc1101.c **** 
 170:/Users/davide/Documents/NQM_WORK/MinimizedBoard/Attiny48/i2ctest/MINI-RF/MINI-RF/cc1101.c **** /****************************************************************
 171:/Users/davide/Documents/NQM_WORK/MinimizedBoard/Attiny48/i2ctest/MINI-RF/MINI-RF/cc1101.c ****  *FUNCTION NAME:SpiReadReg
 172:/Users/davide/Documents/NQM_WORK/MinimizedBoard/Attiny48/i2ctest/MINI-RF/MINI-RF/cc1101.c ****  *FUNCTION     :CC1101 read data from register
 173:/Users/davide/Documents/NQM_WORK/MinimizedBoard/Attiny48/i2ctest/MINI-RF/MINI-RF/cc1101.c ****  *INPUT        :addr: register address
 174:/Users/davide/Documents/NQM_WORK/MinimizedBoard/Attiny48/i2ctest/MINI-RF/MINI-RF/cc1101.c ****  *OUTPUT       :register value
 175:/Users/davide/Documents/NQM_WORK/MinimizedBoard/Attiny48/i2ctest/MINI-RF/MINI-RF/cc1101.c ****  ****************************************************************/
 176:/Users/davide/Documents/NQM_WORK/MinimizedBoard/Attiny48/i2ctest/MINI-RF/MINI-RF/cc1101.c **** byte SpiReadReg(byte addr)
 177:/Users/davide/Documents/NQM_WORK/MinimizedBoard/Attiny48/i2ctest/MINI-RF/MINI-RF/cc1101.c **** {
 430               	.LM45:
 431               	.LFBB8:
 432               	/* prologue: function */
 433               	/* frame size = 0 */
 434               	/* stack size = 0 */
 435               	.L__stack_usage = 0
 178:/Users/davide/Documents/NQM_WORK/MinimizedBoard/Attiny48/i2ctest/MINI-RF/MINI-RF/cc1101.c ****     byte temp, value;
 179:/Users/davide/Documents/NQM_WORK/MinimizedBoard/Attiny48/i2ctest/MINI-RF/MINI-RF/cc1101.c ****     
 180:/Users/davide/Documents/NQM_WORK/MinimizedBoard/Attiny48/i2ctest/MINI-RF/MINI-RF/cc1101.c ****     temp = addr|READ_SINGLE;
 437               	.LM46:
 438 00d6 8068      		ori r24,lo8(-128)
 181:/Users/davide/Documents/NQM_WORK/MinimizedBoard/Attiny48/i2ctest/MINI-RF/MINI-RF/cc1101.c ****     //digitalWrite(SS_PIN, LOW);
 182:/Users/davide/Documents/NQM_WORK/MinimizedBoard/Attiny48/i2ctest/MINI-RF/MINI-RF/cc1101.c ****     PORTB &= ~(1<<PB2);
 440               	.LM47:
 441 00d8 2A98      		cbi 0x5,2
 442               	.L25:
 183:/Users/davide/Documents/NQM_WORK/MinimizedBoard/Attiny48/i2ctest/MINI-RF/MINI-RF/cc1101.c ****     //while(digitalRead(MISO_PIN));
 184:/Users/davide/Documents/NQM_WORK/MinimizedBoard/Attiny48/i2ctest/MINI-RF/MINI-RF/cc1101.c ****     wait_Miso();
 444               	.LM48:
 445 00da 1C99      		sbic 0x3,4
 446 00dc 00C0      		rjmp .L25
 185:/Users/davide/Documents/NQM_WORK/MinimizedBoard/Attiny48/i2ctest/MINI-RF/MINI-RF/cc1101.c ****     SpiTransfer(temp);
 448               	.LM49:
 449 00de 00D0      		rcall SpiTransfer
 186:/Users/davide/Documents/NQM_WORK/MinimizedBoard/Attiny48/i2ctest/MINI-RF/MINI-RF/cc1101.c ****     value=SpiTransfer(0);
 451               	.LM50:
 452 00e0 80E0      		ldi r24,0
 453 00e2 00D0      		rcall SpiTransfer
 187:/Users/davide/Documents/NQM_WORK/MinimizedBoard/Attiny48/i2ctest/MINI-RF/MINI-RF/cc1101.c ****     //digitalWrite(SS_PIN, HIGH);
 188:/Users/davide/Documents/NQM_WORK/MinimizedBoard/Attiny48/i2ctest/MINI-RF/MINI-RF/cc1101.c ****     PORTB = (1<<PB2);
 455               	.LM51:
 456 00e4 94E0      		ldi r25,lo8(4)
 457 00e6 95B9      		out 0x5,r25
 189:/Users/davide/Documents/NQM_WORK/MinimizedBoard/Attiny48/i2ctest/MINI-RF/MINI-RF/cc1101.c ****     return value;
 190:/Users/davide/Documents/NQM_WORK/MinimizedBoard/Attiny48/i2ctest/MINI-RF/MINI-RF/cc1101.c **** }
 459               	.LM52:
 460 00e8 0895      		ret
 465               	.Lscope8:
 469               	.global	SpiReadBurstReg
 471               	SpiReadBurstReg:
 191:/Users/davide/Documents/NQM_WORK/MinimizedBoard/Attiny48/i2ctest/MINI-RF/MINI-RF/cc1101.c **** 
 192:/Users/davide/Documents/NQM_WORK/MinimizedBoard/Attiny48/i2ctest/MINI-RF/MINI-RF/cc1101.c **** /****************************************************************
 193:/Users/davide/Documents/NQM_WORK/MinimizedBoard/Attiny48/i2ctest/MINI-RF/MINI-RF/cc1101.c ****  *FUNCTION NAME:SpiReadBurstReg
 194:/Users/davide/Documents/NQM_WORK/MinimizedBoard/Attiny48/i2ctest/MINI-RF/MINI-RF/cc1101.c ****  *FUNCTION     :CC1101 read burst data from register
 195:/Users/davide/Documents/NQM_WORK/MinimizedBoard/Attiny48/i2ctest/MINI-RF/MINI-RF/cc1101.c ****  *INPUT        :addr: register address; buffer:array to store register value; num: number to read
 196:/Users/davide/Documents/NQM_WORK/MinimizedBoard/Attiny48/i2ctest/MINI-RF/MINI-RF/cc1101.c ****  *OUTPUT       :none
 197:/Users/davide/Documents/NQM_WORK/MinimizedBoard/Attiny48/i2ctest/MINI-RF/MINI-RF/cc1101.c ****  ****************************************************************/
 198:/Users/davide/Documents/NQM_WORK/MinimizedBoard/Attiny48/i2ctest/MINI-RF/MINI-RF/cc1101.c **** void SpiReadBurstReg(byte addr, byte *buffer, byte num)
 199:/Users/davide/Documents/NQM_WORK/MinimizedBoard/Attiny48/i2ctest/MINI-RF/MINI-RF/cc1101.c **** {
 473               	.LM53:
 474               	.LFBB9:
 475 00ea EF92      		push r14
 476 00ec FF92      		push r15
 477 00ee 0F93      		push r16
 478 00f0 1F93      		push r17
 479 00f2 CF93      		push r28
 480 00f4 DF93      		push r29
 481 00f6 00D0      		rcall .
 482 00f8 CDB7      		in r28,__SP_L__
 483 00fa DEB7      		in r29,__SP_H__
 484               	/* prologue: function */
 485               	/* frame size = 2 */
 486               	/* stack size = 8 */
 487               	.L__stack_usage = 8
 488 00fc 142F      		mov r17,r20
 200:/Users/davide/Documents/NQM_WORK/MinimizedBoard/Attiny48/i2ctest/MINI-RF/MINI-RF/cc1101.c ****     byte i,temp;
 201:/Users/davide/Documents/NQM_WORK/MinimizedBoard/Attiny48/i2ctest/MINI-RF/MINI-RF/cc1101.c ****     
 202:/Users/davide/Documents/NQM_WORK/MinimizedBoard/Attiny48/i2ctest/MINI-RF/MINI-RF/cc1101.c ****     temp = addr | READ_BURST;
 490               	.LM54:
 491 00fe 806C      		ori r24,lo8(-64)
 203:/Users/davide/Documents/NQM_WORK/MinimizedBoard/Attiny48/i2ctest/MINI-RF/MINI-RF/cc1101.c ****     //digitalWrite(SS_PIN, LOW);
 204:/Users/davide/Documents/NQM_WORK/MinimizedBoard/Attiny48/i2ctest/MINI-RF/MINI-RF/cc1101.c ****     PORTB &= ~(1<<PB2);
 493               	.LM55:
 494 0100 2A98      		cbi 0x5,2
 495               	.L28:
 205:/Users/davide/Documents/NQM_WORK/MinimizedBoard/Attiny48/i2ctest/MINI-RF/MINI-RF/cc1101.c ****     //while(digitalRead(MISO_PIN));
 206:/Users/davide/Documents/NQM_WORK/MinimizedBoard/Attiny48/i2ctest/MINI-RF/MINI-RF/cc1101.c ****     wait_Miso();
 497               	.LM56:
 498 0102 1C99      		sbic 0x3,4
 499 0104 00C0      		rjmp .L28
 207:/Users/davide/Documents/NQM_WORK/MinimizedBoard/Attiny48/i2ctest/MINI-RF/MINI-RF/cc1101.c ****     SpiTransfer(temp);
 501               	.LM57:
 502 0106 6983      		std Y+1,r22
 503 0108 7A83      		std Y+2,r23
 504 010a 00D0      		rcall SpiTransfer
 505 010c 6981      		ldd r22,Y+1
 506 010e 062F      		mov r16,r22
 208:/Users/davide/Documents/NQM_WORK/MinimizedBoard/Attiny48/i2ctest/MINI-RF/MINI-RF/cc1101.c ****     for(i=0;i<num;i++)
 508               	.LM58:
 509 0110 E62E      		mov r14,r22
 510 0112 7A81      		ldd r23,Y+2
 511 0114 F72E      		mov r15,r23
 512               	.L29:
 513 0116 8E2D      		mov r24,r14
 514 0118 801B      		sub r24,r16
 516               	.LM59:
 517 011a 8117      		cp r24,r17
 518 011c 00F4      		brsh .L32
 209:/Users/davide/Documents/NQM_WORK/MinimizedBoard/Attiny48/i2ctest/MINI-RF/MINI-RF/cc1101.c ****     {
 210:/Users/davide/Documents/NQM_WORK/MinimizedBoard/Attiny48/i2ctest/MINI-RF/MINI-RF/cc1101.c ****         buffer[i]=SpiTransfer(0);
 520               	.LM60:
 521 011e 80E0      		ldi r24,0
 522 0120 00D0      		rcall SpiTransfer
 523 0122 F701      		movw r30,r14
 524 0124 8193      		st Z+,r24
 525 0126 7F01      		movw r14,r30
 526 0128 00C0      		rjmp .L29
 527               	.L32:
 211:/Users/davide/Documents/NQM_WORK/MinimizedBoard/Attiny48/i2ctest/MINI-RF/MINI-RF/cc1101.c ****     }
 212:/Users/davide/Documents/NQM_WORK/MinimizedBoard/Attiny48/i2ctest/MINI-RF/MINI-RF/cc1101.c ****     //digitalWrite(SS_PIN, HIGH);
 213:/Users/davide/Documents/NQM_WORK/MinimizedBoard/Attiny48/i2ctest/MINI-RF/MINI-RF/cc1101.c ****     PORTB = (1<<PB2);
 529               	.LM61:
 530 012a 84E0      		ldi r24,lo8(4)
 531 012c 85B9      		out 0x5,r24
 532               	/* epilogue start */
 214:/Users/davide/Documents/NQM_WORK/MinimizedBoard/Attiny48/i2ctest/MINI-RF/MINI-RF/cc1101.c **** }
 534               	.LM62:
 535 012e 0F90      		pop __tmp_reg__
 536 0130 0F90      		pop __tmp_reg__
 537 0132 DF91      		pop r29
 538 0134 CF91      		pop r28
 539 0136 1F91      		pop r17
 540 0138 0F91      		pop r16
 541 013a FF90      		pop r15
 542 013c EF90      		pop r14
 543 013e 0895      		ret
 548               	.Lscope9:
 551               	.global	SpiReadStatus
 553               	SpiReadStatus:
 215:/Users/davide/Documents/NQM_WORK/MinimizedBoard/Attiny48/i2ctest/MINI-RF/MINI-RF/cc1101.c **** 
 216:/Users/davide/Documents/NQM_WORK/MinimizedBoard/Attiny48/i2ctest/MINI-RF/MINI-RF/cc1101.c **** /****************************************************************
 217:/Users/davide/Documents/NQM_WORK/MinimizedBoard/Attiny48/i2ctest/MINI-RF/MINI-RF/cc1101.c ****  *FUNCTION NAME:SpiReadStatus
 218:/Users/davide/Documents/NQM_WORK/MinimizedBoard/Attiny48/i2ctest/MINI-RF/MINI-RF/cc1101.c ****  *FUNCTION     :CC1101 read status register
 219:/Users/davide/Documents/NQM_WORK/MinimizedBoard/Attiny48/i2ctest/MINI-RF/MINI-RF/cc1101.c ****  *INPUT        :addr: register address
 220:/Users/davide/Documents/NQM_WORK/MinimizedBoard/Attiny48/i2ctest/MINI-RF/MINI-RF/cc1101.c ****  *OUTPUT       :status value
 221:/Users/davide/Documents/NQM_WORK/MinimizedBoard/Attiny48/i2ctest/MINI-RF/MINI-RF/cc1101.c ****  ****************************************************************/
 222:/Users/davide/Documents/NQM_WORK/MinimizedBoard/Attiny48/i2ctest/MINI-RF/MINI-RF/cc1101.c **** byte SpiReadStatus(byte addr)
 223:/Users/davide/Documents/NQM_WORK/MinimizedBoard/Attiny48/i2ctest/MINI-RF/MINI-RF/cc1101.c **** {
 555               	.LM63:
 556               	.LFBB10:
 557               	/* prologue: function */
 558               	/* frame size = 0 */
 559               	/* stack size = 0 */
 560               	.L__stack_usage = 0
 224:/Users/davide/Documents/NQM_WORK/MinimizedBoard/Attiny48/i2ctest/MINI-RF/MINI-RF/cc1101.c ****     byte value,temp;
 225:/Users/davide/Documents/NQM_WORK/MinimizedBoard/Attiny48/i2ctest/MINI-RF/MINI-RF/cc1101.c ****     
 226:/Users/davide/Documents/NQM_WORK/MinimizedBoard/Attiny48/i2ctest/MINI-RF/MINI-RF/cc1101.c ****     temp = addr | READ_BURST;
 562               	.LM64:
 563 0140 806C      		ori r24,lo8(-64)
 227:/Users/davide/Documents/NQM_WORK/MinimizedBoard/Attiny48/i2ctest/MINI-RF/MINI-RF/cc1101.c ****     //digitalWrite(SS_PIN, LOW);
 228:/Users/davide/Documents/NQM_WORK/MinimizedBoard/Attiny48/i2ctest/MINI-RF/MINI-RF/cc1101.c ****     PORTB &= ~(1<<PB2);
 565               	.LM65:
 566 0142 2A98      		cbi 0x5,2
 567               	.L34:
 229:/Users/davide/Documents/NQM_WORK/MinimizedBoard/Attiny48/i2ctest/MINI-RF/MINI-RF/cc1101.c ****     //while(digitalRead(MISO_PIN));
 230:/Users/davide/Documents/NQM_WORK/MinimizedBoard/Attiny48/i2ctest/MINI-RF/MINI-RF/cc1101.c ****     wait_Miso();
 569               	.LM66:
 570 0144 1C99      		sbic 0x3,4
 571 0146 00C0      		rjmp .L34
 231:/Users/davide/Documents/NQM_WORK/MinimizedBoard/Attiny48/i2ctest/MINI-RF/MINI-RF/cc1101.c ****     SpiTransfer(temp);
 573               	.LM67:
 574 0148 00D0      		rcall SpiTransfer
 232:/Users/davide/Documents/NQM_WORK/MinimizedBoard/Attiny48/i2ctest/MINI-RF/MINI-RF/cc1101.c ****     value=SpiTransfer(0);
 576               	.LM68:
 577 014a 80E0      		ldi r24,0
 578 014c 00D0      		rcall SpiTransfer
 233:/Users/davide/Documents/NQM_WORK/MinimizedBoard/Attiny48/i2ctest/MINI-RF/MINI-RF/cc1101.c ****     //digitalWrite(SS_PIN, HIGH);
 234:/Users/davide/Documents/NQM_WORK/MinimizedBoard/Attiny48/i2ctest/MINI-RF/MINI-RF/cc1101.c ****     PORTB = (1<<PB2);
 580               	.LM69:
 581 014e 94E0      		ldi r25,lo8(4)
 582 0150 95B9      		out 0x5,r25
 235:/Users/davide/Documents/NQM_WORK/MinimizedBoard/Attiny48/i2ctest/MINI-RF/MINI-RF/cc1101.c ****     return value;
 236:/Users/davide/Documents/NQM_WORK/MinimizedBoard/Attiny48/i2ctest/MINI-RF/MINI-RF/cc1101.c **** }
 584               	.LM70:
 585 0152 0895      		ret
 590               	.Lscope10:
 592               	.global	RegConfigSettings
 594               	RegConfigSettings:
 237:/Users/davide/Documents/NQM_WORK/MinimizedBoard/Attiny48/i2ctest/MINI-RF/MINI-RF/cc1101.c **** 
 238:/Users/davide/Documents/NQM_WORK/MinimizedBoard/Attiny48/i2ctest/MINI-RF/MINI-RF/cc1101.c **** /****************************************************************
 239:/Users/davide/Documents/NQM_WORK/MinimizedBoard/Attiny48/i2ctest/MINI-RF/MINI-RF/cc1101.c ****  *FUNCTION NAME:RegConfigSettings
 240:/Users/davide/Documents/NQM_WORK/MinimizedBoard/Attiny48/i2ctest/MINI-RF/MINI-RF/cc1101.c ****  *FUNCTION     :CC1101 register config //details refer datasheet of CC1101/CC1100//
 241:/Users/davide/Documents/NQM_WORK/MinimizedBoard/Attiny48/i2ctest/MINI-RF/MINI-RF/cc1101.c ****  *INPUT        :none
 242:/Users/davide/Documents/NQM_WORK/MinimizedBoard/Attiny48/i2ctest/MINI-RF/MINI-RF/cc1101.c ****  *OUTPUT       :none
 243:/Users/davide/Documents/NQM_WORK/MinimizedBoard/Attiny48/i2ctest/MINI-RF/MINI-RF/cc1101.c ****  ****************************************************************/
 244:/Users/davide/Documents/NQM_WORK/MinimizedBoard/Attiny48/i2ctest/MINI-RF/MINI-RF/cc1101.c **** void RegConfigSettings(void)
 245:/Users/davide/Documents/NQM_WORK/MinimizedBoard/Attiny48/i2ctest/MINI-RF/MINI-RF/cc1101.c **** {
 596               	.LM71:
 597               	.LFBB11:
 598               	/* prologue: function */
 599               	/* frame size = 0 */
 600               	/* stack size = 0 */
 601               	.L__stack_usage = 0
 246:/Users/davide/Documents/NQM_WORK/MinimizedBoard/Attiny48/i2ctest/MINI-RF/MINI-RF/cc1101.c ****     SpiWriteReg(CC1101_FSCTRL1,  0x08);
 603               	.LM72:
 604 0154 68E0      		ldi r22,lo8(8)
 605 0156 8BE0      		ldi r24,lo8(11)
 606 0158 00D0      		rcall SpiWriteReg
 247:/Users/davide/Documents/NQM_WORK/MinimizedBoard/Attiny48/i2ctest/MINI-RF/MINI-RF/cc1101.c ****     SpiWriteReg(CC1101_FSCTRL0,  0x00);
 608               	.LM73:
 609 015a 60E0      		ldi r22,0
 610 015c 8CE0      		ldi r24,lo8(12)
 611 015e 00D0      		rcall SpiWriteReg
 248:/Users/davide/Documents/NQM_WORK/MinimizedBoard/Attiny48/i2ctest/MINI-RF/MINI-RF/cc1101.c ****     SpiWriteReg(CC1101_FREQ2,    0x10);
 613               	.LM74:
 614 0160 60E1      		ldi r22,lo8(16)
 615 0162 8DE0      		ldi r24,lo8(13)
 616 0164 00D0      		rcall SpiWriteReg
 249:/Users/davide/Documents/NQM_WORK/MinimizedBoard/Attiny48/i2ctest/MINI-RF/MINI-RF/cc1101.c ****     SpiWriteReg(CC1101_FREQ1,    0xA7);
 618               	.LM75:
 619 0166 67EA      		ldi r22,lo8(-89)
 620 0168 8EE0      		ldi r24,lo8(14)
 621 016a 00D0      		rcall SpiWriteReg
 250:/Users/davide/Documents/NQM_WORK/MinimizedBoard/Attiny48/i2ctest/MINI-RF/MINI-RF/cc1101.c ****     SpiWriteReg(CC1101_FREQ0,    0x62);
 623               	.LM76:
 624 016c 62E6      		ldi r22,lo8(98)
 625 016e 8FE0      		ldi r24,lo8(15)
 626 0170 00D0      		rcall SpiWriteReg
 251:/Users/davide/Documents/NQM_WORK/MinimizedBoard/Attiny48/i2ctest/MINI-RF/MINI-RF/cc1101.c ****     SpiWriteReg(CC1101_MDMCFG4,  0x5B);
 628               	.LM77:
 629 0172 6BE5      		ldi r22,lo8(91)
 630 0174 80E1      		ldi r24,lo8(16)
 631 0176 00D0      		rcall SpiWriteReg
 252:/Users/davide/Documents/NQM_WORK/MinimizedBoard/Attiny48/i2ctest/MINI-RF/MINI-RF/cc1101.c ****     SpiWriteReg(CC1101_MDMCFG3,  0xF8);
 633               	.LM78:
 634 0178 68EF      		ldi r22,lo8(-8)
 635 017a 81E1      		ldi r24,lo8(17)
 636 017c 00D0      		rcall SpiWriteReg
 253:/Users/davide/Documents/NQM_WORK/MinimizedBoard/Attiny48/i2ctest/MINI-RF/MINI-RF/cc1101.c ****     SpiWriteReg(CC1101_MDMCFG2,  0x03);
 638               	.LM79:
 639 017e 63E0      		ldi r22,lo8(3)
 640 0180 82E1      		ldi r24,lo8(18)
 641 0182 00D0      		rcall SpiWriteReg
 254:/Users/davide/Documents/NQM_WORK/MinimizedBoard/Attiny48/i2ctest/MINI-RF/MINI-RF/cc1101.c ****     SpiWriteReg(CC1101_MDMCFG1,  0x22);
 643               	.LM80:
 644 0184 62E2      		ldi r22,lo8(34)
 645 0186 83E1      		ldi r24,lo8(19)
 646 0188 00D0      		rcall SpiWriteReg
 255:/Users/davide/Documents/NQM_WORK/MinimizedBoard/Attiny48/i2ctest/MINI-RF/MINI-RF/cc1101.c ****     SpiWriteReg(CC1101_MDMCFG0,  0xF8);
 648               	.LM81:
 649 018a 68EF      		ldi r22,lo8(-8)
 650 018c 84E1      		ldi r24,lo8(20)
 651 018e 00D0      		rcall SpiWriteReg
 256:/Users/davide/Documents/NQM_WORK/MinimizedBoard/Attiny48/i2ctest/MINI-RF/MINI-RF/cc1101.c ****     SpiWriteReg(CC1101_CHANNR,   0x00);
 653               	.LM82:
 654 0190 60E0      		ldi r22,0
 655 0192 8AE0      		ldi r24,lo8(10)
 656 0194 00D0      		rcall SpiWriteReg
 257:/Users/davide/Documents/NQM_WORK/MinimizedBoard/Attiny48/i2ctest/MINI-RF/MINI-RF/cc1101.c ****     SpiWriteReg(CC1101_DEVIATN,  0x47);
 658               	.LM83:
 659 0196 67E4      		ldi r22,lo8(71)
 660 0198 85E1      		ldi r24,lo8(21)
 661 019a 00D0      		rcall SpiWriteReg
 258:/Users/davide/Documents/NQM_WORK/MinimizedBoard/Attiny48/i2ctest/MINI-RF/MINI-RF/cc1101.c ****     SpiWriteReg(CC1101_FREND1,   0xB6);
 663               	.LM84:
 664 019c 66EB      		ldi r22,lo8(-74)
 665 019e 81E2      		ldi r24,lo8(33)
 666 01a0 00D0      		rcall SpiWriteReg
 259:/Users/davide/Documents/NQM_WORK/MinimizedBoard/Attiny48/i2ctest/MINI-RF/MINI-RF/cc1101.c ****     SpiWriteReg(CC1101_FREND0,   0x10);
 668               	.LM85:
 669 01a2 60E1      		ldi r22,lo8(16)
 670 01a4 82E2      		ldi r24,lo8(34)
 671 01a6 00D0      		rcall SpiWriteReg
 260:/Users/davide/Documents/NQM_WORK/MinimizedBoard/Attiny48/i2ctest/MINI-RF/MINI-RF/cc1101.c ****     SpiWriteReg(CC1101_MCSM0 ,   0x18);
 673               	.LM86:
 674 01a8 68E1      		ldi r22,lo8(24)
 675 01aa 88E1      		ldi r24,lo8(24)
 676 01ac 00D0      		rcall SpiWriteReg
 261:/Users/davide/Documents/NQM_WORK/MinimizedBoard/Attiny48/i2ctest/MINI-RF/MINI-RF/cc1101.c ****     SpiWriteReg(CC1101_FOCCFG,   0x1D);
 678               	.LM87:
 679 01ae 6DE1      		ldi r22,lo8(29)
 680 01b0 89E1      		ldi r24,lo8(25)
 681 01b2 00D0      		rcall SpiWriteReg
 262:/Users/davide/Documents/NQM_WORK/MinimizedBoard/Attiny48/i2ctest/MINI-RF/MINI-RF/cc1101.c ****     SpiWriteReg(CC1101_BSCFG,    0x1C);
 683               	.LM88:
 684 01b4 6CE1      		ldi r22,lo8(28)
 685 01b6 8AE1      		ldi r24,lo8(26)
 686 01b8 00D0      		rcall SpiWriteReg
 263:/Users/davide/Documents/NQM_WORK/MinimizedBoard/Attiny48/i2ctest/MINI-RF/MINI-RF/cc1101.c ****     SpiWriteReg(CC1101_AGCCTRL2, 0xC7);
 688               	.LM89:
 689 01ba 67EC      		ldi r22,lo8(-57)
 690 01bc 8BE1      		ldi r24,lo8(27)
 691 01be 00D0      		rcall SpiWriteReg
 264:/Users/davide/Documents/NQM_WORK/MinimizedBoard/Attiny48/i2ctest/MINI-RF/MINI-RF/cc1101.c ****     SpiWriteReg(CC1101_AGCCTRL1, 0x00);
 693               	.LM90:
 694 01c0 60E0      		ldi r22,0
 695 01c2 8CE1      		ldi r24,lo8(28)
 696 01c4 00D0      		rcall SpiWriteReg
 265:/Users/davide/Documents/NQM_WORK/MinimizedBoard/Attiny48/i2ctest/MINI-RF/MINI-RF/cc1101.c ****     SpiWriteReg(CC1101_AGCCTRL0, 0xB2);
 698               	.LM91:
 699 01c6 62EB      		ldi r22,lo8(-78)
 700 01c8 8DE1      		ldi r24,lo8(29)
 701 01ca 00D0      		rcall SpiWriteReg
 266:/Users/davide/Documents/NQM_WORK/MinimizedBoard/Attiny48/i2ctest/MINI-RF/MINI-RF/cc1101.c ****     SpiWriteReg(CC1101_FSCAL3,   0xEA);
 703               	.LM92:
 704 01cc 6AEE      		ldi r22,lo8(-22)
 705 01ce 83E2      		ldi r24,lo8(35)
 706 01d0 00D0      		rcall SpiWriteReg
 267:/Users/davide/Documents/NQM_WORK/MinimizedBoard/Attiny48/i2ctest/MINI-RF/MINI-RF/cc1101.c ****     SpiWriteReg(CC1101_FSCAL2,   0x2A);
 708               	.LM93:
 709 01d2 6AE2      		ldi r22,lo8(42)
 710 01d4 84E2      		ldi r24,lo8(36)
 711 01d6 00D0      		rcall SpiWriteReg
 268:/Users/davide/Documents/NQM_WORK/MinimizedBoard/Attiny48/i2ctest/MINI-RF/MINI-RF/cc1101.c ****     SpiWriteReg(CC1101_FSCAL1,   0x00);
 713               	.LM94:
 714 01d8 60E0      		ldi r22,0
 715 01da 85E2      		ldi r24,lo8(37)
 716 01dc 00D0      		rcall SpiWriteReg
 269:/Users/davide/Documents/NQM_WORK/MinimizedBoard/Attiny48/i2ctest/MINI-RF/MINI-RF/cc1101.c ****     SpiWriteReg(CC1101_FSCAL0,   0x11);
 718               	.LM95:
 719 01de 61E1      		ldi r22,lo8(17)
 720 01e0 86E2      		ldi r24,lo8(38)
 721 01e2 00D0      		rcall SpiWriteReg
 270:/Users/davide/Documents/NQM_WORK/MinimizedBoard/Attiny48/i2ctest/MINI-RF/MINI-RF/cc1101.c ****     SpiWriteReg(CC1101_FSTEST,   0x59);
 723               	.LM96:
 724 01e4 69E5      		ldi r22,lo8(89)
 725 01e6 89E2      		ldi r24,lo8(41)
 726 01e8 00D0      		rcall SpiWriteReg
 271:/Users/davide/Documents/NQM_WORK/MinimizedBoard/Attiny48/i2ctest/MINI-RF/MINI-RF/cc1101.c ****     SpiWriteReg(CC1101_TEST2,    0x81);
 728               	.LM97:
 729 01ea 61E8      		ldi r22,lo8(-127)
 730 01ec 8CE2      		ldi r24,lo8(44)
 731 01ee 00D0      		rcall SpiWriteReg
 272:/Users/davide/Documents/NQM_WORK/MinimizedBoard/Attiny48/i2ctest/MINI-RF/MINI-RF/cc1101.c ****     SpiWriteReg(CC1101_TEST1,    0x35);
 733               	.LM98:
 734 01f0 65E3      		ldi r22,lo8(53)
 735 01f2 8DE2      		ldi r24,lo8(45)
 736 01f4 00D0      		rcall SpiWriteReg
 273:/Users/davide/Documents/NQM_WORK/MinimizedBoard/Attiny48/i2ctest/MINI-RF/MINI-RF/cc1101.c ****     SpiWriteReg(CC1101_TEST0,    0x09);
 738               	.LM99:
 739 01f6 69E0      		ldi r22,lo8(9)
 740 01f8 8EE2      		ldi r24,lo8(46)
 741 01fa 00D0      		rcall SpiWriteReg
 274:/Users/davide/Documents/NQM_WORK/MinimizedBoard/Attiny48/i2ctest/MINI-RF/MINI-RF/cc1101.c ****     SpiWriteReg(CC1101_IOCFG2,   0x0B);     //serial clock.synchronous to the data in synchronous s
 743               	.LM100:
 744 01fc 6BE0      		ldi r22,lo8(11)
 745 01fe 80E0      		ldi r24,0
 746 0200 00D0      		rcall SpiWriteReg
 275:/Users/davide/Documents/NQM_WORK/MinimizedBoard/Attiny48/i2ctest/MINI-RF/MINI-RF/cc1101.c ****     SpiWriteReg(CC1101_IOCFG0,   0x06);     //asserts when sync word has been sent/received, and de
 748               	.LM101:
 749 0202 66E0      		ldi r22,lo8(6)
 750 0204 82E0      		ldi r24,lo8(2)
 751 0206 00D0      		rcall SpiWriteReg
 276:/Users/davide/Documents/NQM_WORK/MinimizedBoard/Attiny48/i2ctest/MINI-RF/MINI-RF/cc1101.c ****     SpiWriteReg(CC1101_PKTCTRL1, 0x04);     //two status bytes will be appended to the payload of t
 753               	.LM102:
 754 0208 64E0      		ldi r22,lo8(4)
 755 020a 87E0      		ldi r24,lo8(7)
 756 020c 00D0      		rcall SpiWriteReg
 277:/Users/davide/Documents/NQM_WORK/MinimizedBoard/Attiny48/i2ctest/MINI-RF/MINI-RF/cc1101.c ****     //No address check
 278:/Users/davide/Documents/NQM_WORK/MinimizedBoard/Attiny48/i2ctest/MINI-RF/MINI-RF/cc1101.c ****     SpiWriteReg(CC1101_PKTCTRL0, 0x05);     //whitening off;CRC Enable£»variable length packets, 
 758               	.LM103:
 759 020e 65E0      		ldi r22,lo8(5)
 760 0210 88E0      		ldi r24,lo8(8)
 761 0212 00D0      		rcall SpiWriteReg
 279:/Users/davide/Documents/NQM_WORK/MinimizedBoard/Attiny48/i2ctest/MINI-RF/MINI-RF/cc1101.c ****     SpiWriteReg(CC1101_ADDR,     0x00);     //address used for packet filtration.
 763               	.LM104:
 764 0214 60E0      		ldi r22,0
 765 0216 89E0      		ldi r24,lo8(9)
 766 0218 00D0      		rcall SpiWriteReg
 280:/Users/davide/Documents/NQM_WORK/MinimizedBoard/Attiny48/i2ctest/MINI-RF/MINI-RF/cc1101.c ****     SpiWriteReg(CC1101_PKTLEN,   0x3D);     //61 bytes max length
 768               	.LM105:
 769 021a 6DE3      		ldi r22,lo8(61)
 770 021c 86E0      		ldi r24,lo8(6)
 771 021e 00C0      		rjmp SpiWriteReg
 773               	.Lscope11:
 775               	.global	Init
 777               	Init:
  97:/Users/davide/Documents/NQM_WORK/MinimizedBoard/Attiny48/i2ctest/MINI-RF/MINI-RF/cc1101.c ****     SpiInit();                                      //spi initialization
 779               	.LM106:
 780               	.LFBB12:
 781               	/* prologue: function */
 782               	/* frame size = 0 */
 783               	/* stack size = 0 */
 784               	.L__stack_usage = 0
  98:/Users/davide/Documents/NQM_WORK/MinimizedBoard/Attiny48/i2ctest/MINI-RF/MINI-RF/cc1101.c ****     GDO_Set();                                     //GDO set
 786               	.LM107:
 787 0220 00D0      		rcall SpiInit
  99:/Users/davide/Documents/NQM_WORK/MinimizedBoard/Attiny48/i2ctest/MINI-RF/MINI-RF/cc1101.c ****     //digitalWrite(SS_PIN, HIGH);
 789               	.LM108:
 790 0222 00D0      		rcall GDO_Set
 101:/Users/davide/Documents/NQM_WORK/MinimizedBoard/Attiny48/i2ctest/MINI-RF/MINI-RF/cc1101.c ****     //digitalWrite(SCK_PIN, HIGH);
 792               	.LM109:
 793 0224 84E0      		ldi r24,lo8(4)
 794 0226 85B9      		out 0x5,r24
 103:/Users/davide/Documents/NQM_WORK/MinimizedBoard/Attiny48/i2ctest/MINI-RF/MINI-RF/cc1101.c ****     //digitalWrite(MOSI_PIN, LOW);
 796               	.LM110:
 797 0228 80E2      		ldi r24,lo8(32)
 798 022a 85B9      		out 0x5,r24
 105:/Users/davide/Documents/NQM_WORK/MinimizedBoard/Attiny48/i2ctest/MINI-RF/MINI-RF/cc1101.c ****     Reset();                                       //CC1101 reset
 800               	.LM111:
 801 022c 2B98      		cbi 0x5,3
 106:/Users/davide/Documents/NQM_WORK/MinimizedBoard/Attiny48/i2ctest/MINI-RF/MINI-RF/cc1101.c ****     RegConfigSettings();                           //CC1101 register config
 803               	.LM112:
 804 022e 00D0      		rcall Reset
 107:/Users/davide/Documents/NQM_WORK/MinimizedBoard/Attiny48/i2ctest/MINI-RF/MINI-RF/cc1101.c ****     SpiWriteBurstReg(CC1101_PATABLE,PaTabel,8);        //CC1101 PATABLE config
 806               	.LM113:
 807 0230 00D0      		rcall RegConfigSettings
 108:/Users/davide/Documents/NQM_WORK/MinimizedBoard/Attiny48/i2ctest/MINI-RF/MINI-RF/cc1101.c **** }
 809               	.LM114:
 810 0232 48E0      		ldi r20,lo8(8)
 811 0234 60E0      		ldi r22,lo8(PaTabel)
 812 0236 70E0      		ldi r23,hi8(PaTabel)
 813 0238 8EE3      		ldi r24,lo8(62)
 814 023a 00C0      		rjmp SpiWriteBurstReg
 816               	.Lscope12:
 820               	.global	SendData
 822               	SendData:
 281:/Users/davide/Documents/NQM_WORK/MinimizedBoard/Attiny48/i2ctest/MINI-RF/MINI-RF/cc1101.c **** }
 282:/Users/davide/Documents/NQM_WORK/MinimizedBoard/Attiny48/i2ctest/MINI-RF/MINI-RF/cc1101.c **** 
 283:/Users/davide/Documents/NQM_WORK/MinimizedBoard/Attiny48/i2ctest/MINI-RF/MINI-RF/cc1101.c **** /****************************************************************
 284:/Users/davide/Documents/NQM_WORK/MinimizedBoard/Attiny48/i2ctest/MINI-RF/MINI-RF/cc1101.c ****  *FUNCTION NAME:SendData
 285:/Users/davide/Documents/NQM_WORK/MinimizedBoard/Attiny48/i2ctest/MINI-RF/MINI-RF/cc1101.c ****  *FUNCTION     :use CC1101 send data
 286:/Users/davide/Documents/NQM_WORK/MinimizedBoard/Attiny48/i2ctest/MINI-RF/MINI-RF/cc1101.c ****  *INPUT        :txBuffer: data array to send; size: number of data to send, no more than 61
 287:/Users/davide/Documents/NQM_WORK/MinimizedBoard/Attiny48/i2ctest/MINI-RF/MINI-RF/cc1101.c ****  *OUTPUT       :none
 288:/Users/davide/Documents/NQM_WORK/MinimizedBoard/Attiny48/i2ctest/MINI-RF/MINI-RF/cc1101.c ****  ****************************************************************/
 289:/Users/davide/Documents/NQM_WORK/MinimizedBoard/Attiny48/i2ctest/MINI-RF/MINI-RF/cc1101.c **** byte SendData(byte *txBuffer,byte size)
 290:/Users/davide/Documents/NQM_WORK/MinimizedBoard/Attiny48/i2ctest/MINI-RF/MINI-RF/cc1101.c **** {
 824               	.LM115:
 825               	.LFBB13:
 826 023c 0F93      		push r16
 827 023e 1F93      		push r17
 828 0240 CF93      		push r28
 829 0242 DF93      		push r29
 830 0244 1F92      		push __zero_reg__
 831 0246 CDB7      		in r28,__SP_L__
 832 0248 DEB7      		in r29,__SP_H__
 833               	/* prologue: function */
 834               	/* frame size = 1 */
 835               	/* stack size = 5 */
 836               	.L__stack_usage = 5
 837 024a 8C01      		movw r16,r24
 838 024c 462F      		mov r20,r22
 291:/Users/davide/Documents/NQM_WORK/MinimizedBoard/Attiny48/i2ctest/MINI-RF/MINI-RF/cc1101.c ****     byte res = 0x00;
 292:/Users/davide/Documents/NQM_WORK/MinimizedBoard/Attiny48/i2ctest/MINI-RF/MINI-RF/cc1101.c ****     SpiWriteReg(CC1101_TXFIFO,size);
 840               	.LM116:
 841 024e 8FE3      		ldi r24,lo8(63)
 842 0250 4983      		std Y+1,r20
 843 0252 00D0      		rcall SpiWriteReg
 293:/Users/davide/Documents/NQM_WORK/MinimizedBoard/Attiny48/i2ctest/MINI-RF/MINI-RF/cc1101.c ****     SpiWriteBurstReg(CC1101_TXFIFO,txBuffer,size);          //write data to send
 845               	.LM117:
 846 0254 4981      		ldd r20,Y+1
 847 0256 B801      		movw r22,r16
 848 0258 8FE3      		ldi r24,lo8(63)
 849 025a 00D0      		rcall SpiWriteBurstReg
 294:/Users/davide/Documents/NQM_WORK/MinimizedBoard/Attiny48/i2ctest/MINI-RF/MINI-RF/cc1101.c ****     SpiStrobe(CC1101_STX);                                  //start send
 851               	.LM118:
 852 025c 85E3      		ldi r24,lo8(53)
 853 025e 00D0      		rcall SpiStrobe
 854               	.L39:
 295:/Users/davide/Documents/NQM_WORK/MinimizedBoard/Attiny48/i2ctest/MINI-RF/MINI-RF/cc1101.c ****     //while (!digitalRead(GDO0));                             // Wait for GDO0 to be set -> sync tr
 296:/Users/davide/Documents/NQM_WORK/MinimizedBoard/Attiny48/i2ctest/MINI-RF/MINI-RF/cc1101.c ****     //while (digitalRead(GDO0));                              // Wait for GDO0 to be cleared -> end
 297:/Users/davide/Documents/NQM_WORK/MinimizedBoard/Attiny48/i2ctest/MINI-RF/MINI-RF/cc1101.c ****     wait_GDO0_high();
 856               	.LM119:
 857 0260 4D9B      		sbis 0x9,5
 858 0262 00C0      		rjmp .L39
 859               	.L45:
 298:/Users/davide/Documents/NQM_WORK/MinimizedBoard/Attiny48/i2ctest/MINI-RF/MINI-RF/cc1101.c ****     wait_GDO0_low();
 861               	.LM120:
 862 0264 4D99      		sbic 0x9,5
 863 0266 00C0      		rjmp .L45
 299:/Users/davide/Documents/NQM_WORK/MinimizedBoard/Attiny48/i2ctest/MINI-RF/MINI-RF/cc1101.c ****     if((SpiReadStatus(CC1101_TXBYTES) & 0x7F) == 0)
 865               	.LM121:
 866 0268 8AE3      		ldi r24,lo8(58)
 867 026a 00D0      		rcall SpiReadStatus
 868 026c 182F      		mov r17,r24
 300:/Users/davide/Documents/NQM_WORK/MinimizedBoard/Attiny48/i2ctest/MINI-RF/MINI-RF/cc1101.c ****         res = 1;
 301:/Users/davide/Documents/NQM_WORK/MinimizedBoard/Attiny48/i2ctest/MINI-RF/MINI-RF/cc1101.c ****     
 302:/Users/davide/Documents/NQM_WORK/MinimizedBoard/Attiny48/i2ctest/MINI-RF/MINI-RF/cc1101.c ****     
 303:/Users/davide/Documents/NQM_WORK/MinimizedBoard/Attiny48/i2ctest/MINI-RF/MINI-RF/cc1101.c ****     SpiStrobe(CC1101_SFTX);                                 //flush TXfifo
 870               	.LM122:
 871 026e 8BE3      		ldi r24,lo8(59)
 872 0270 00D0      		rcall SpiStrobe
 299:/Users/davide/Documents/NQM_WORK/MinimizedBoard/Attiny48/i2ctest/MINI-RF/MINI-RF/cc1101.c ****     if((SpiReadStatus(CC1101_TXBYTES) & 0x7F) == 0)
 874               	.LM123:
 875 0272 1F77      		andi r17,lo8(127)
 876 0274 81E0      		ldi r24,lo8(1)
 877 0276 01F0      		breq .L41
 878 0278 80E0      		ldi r24,0
 879               	.L41:
 880               	/* epilogue start */
 304:/Users/davide/Documents/NQM_WORK/MinimizedBoard/Attiny48/i2ctest/MINI-RF/MINI-RF/cc1101.c ****     return res;
 305:/Users/davide/Documents/NQM_WORK/MinimizedBoard/Attiny48/i2ctest/MINI-RF/MINI-RF/cc1101.c ****     
 306:/Users/davide/Documents/NQM_WORK/MinimizedBoard/Attiny48/i2ctest/MINI-RF/MINI-RF/cc1101.c **** }
 882               	.LM124:
 883 027a 0F90      		pop __tmp_reg__
 884 027c DF91      		pop r29
 885 027e CF91      		pop r28
 886 0280 1F91      		pop r17
 887 0282 0F91      		pop r16
 888 0284 0895      		ret
 890               	.Lscope13:
 892               	.global	SetReceive
 894               	SetReceive:
 307:/Users/davide/Documents/NQM_WORK/MinimizedBoard/Attiny48/i2ctest/MINI-RF/MINI-RF/cc1101.c **** 
 308:/Users/davide/Documents/NQM_WORK/MinimizedBoard/Attiny48/i2ctest/MINI-RF/MINI-RF/cc1101.c **** /****************************************************************
 309:/Users/davide/Documents/NQM_WORK/MinimizedBoard/Attiny48/i2ctest/MINI-RF/MINI-RF/cc1101.c ****  *FUNCTION NAME:SetReceive
 310:/Users/davide/Documents/NQM_WORK/MinimizedBoard/Attiny48/i2ctest/MINI-RF/MINI-RF/cc1101.c ****  *FUNCTION     :set CC1101 to receive state
 311:/Users/davide/Documents/NQM_WORK/MinimizedBoard/Attiny48/i2ctest/MINI-RF/MINI-RF/cc1101.c ****  *INPUT        :none
 312:/Users/davide/Documents/NQM_WORK/MinimizedBoard/Attiny48/i2ctest/MINI-RF/MINI-RF/cc1101.c ****  *OUTPUT       :none
 313:/Users/davide/Documents/NQM_WORK/MinimizedBoard/Attiny48/i2ctest/MINI-RF/MINI-RF/cc1101.c ****  ****************************************************************/
 314:/Users/davide/Documents/NQM_WORK/MinimizedBoard/Attiny48/i2ctest/MINI-RF/MINI-RF/cc1101.c **** void SetReceive(void)
 315:/Users/davide/Documents/NQM_WORK/MinimizedBoard/Attiny48/i2ctest/MINI-RF/MINI-RF/cc1101.c **** {
 896               	.LM125:
 897               	.LFBB14:
 898               	/* prologue: function */
 899               	/* frame size = 0 */
 900               	/* stack size = 0 */
 901               	.L__stack_usage = 0
 316:/Users/davide/Documents/NQM_WORK/MinimizedBoard/Attiny48/i2ctest/MINI-RF/MINI-RF/cc1101.c ****     SpiStrobe(CC1101_SRX);
 903               	.LM126:
 904 0286 84E3      		ldi r24,lo8(52)
 905 0288 00C0      		rjmp SpiStrobe
 907               	.Lscope14:
 910               	.global	ReceiveData
 912               	ReceiveData:
 317:/Users/davide/Documents/NQM_WORK/MinimizedBoard/Attiny48/i2ctest/MINI-RF/MINI-RF/cc1101.c **** }
 318:/Users/davide/Documents/NQM_WORK/MinimizedBoard/Attiny48/i2ctest/MINI-RF/MINI-RF/cc1101.c **** 
 319:/Users/davide/Documents/NQM_WORK/MinimizedBoard/Attiny48/i2ctest/MINI-RF/MINI-RF/cc1101.c **** /****************************************************************
 320:/Users/davide/Documents/NQM_WORK/MinimizedBoard/Attiny48/i2ctest/MINI-RF/MINI-RF/cc1101.c ****  *FUNCTION NAME:CheckReceiveFlag
 321:/Users/davide/Documents/NQM_WORK/MinimizedBoard/Attiny48/i2ctest/MINI-RF/MINI-RF/cc1101.c ****  *FUNCTION     :check receive data or not
 322:/Users/davide/Documents/NQM_WORK/MinimizedBoard/Attiny48/i2ctest/MINI-RF/MINI-RF/cc1101.c ****  *INPUT        :none
 323:/Users/davide/Documents/NQM_WORK/MinimizedBoard/Attiny48/i2ctest/MINI-RF/MINI-RF/cc1101.c ****  *OUTPUT       :flag: 0 no data; 1 receive data
 324:/Users/davide/Documents/NQM_WORK/MinimizedBoard/Attiny48/i2ctest/MINI-RF/MINI-RF/cc1101.c ****  ****************************************************************/
 325:/Users/davide/Documents/NQM_WORK/MinimizedBoard/Attiny48/i2ctest/MINI-RF/MINI-RF/cc1101.c **** // byte CheckReceiveFlag(void)
 326:/Users/davide/Documents/NQM_WORK/MinimizedBoard/Attiny48/i2ctest/MINI-RF/MINI-RF/cc1101.c **** // {
 327:/Users/davide/Documents/NQM_WORK/MinimizedBoard/Attiny48/i2ctest/MINI-RF/MINI-RF/cc1101.c **** //     if(digitalRead(GDO0))           //receive data
 328:/Users/davide/Documents/NQM_WORK/MinimizedBoard/Attiny48/i2ctest/MINI-RF/MINI-RF/cc1101.c **** //     {
 329:/Users/davide/Documents/NQM_WORK/MinimizedBoard/Attiny48/i2ctest/MINI-RF/MINI-RF/cc1101.c **** //         while (digitalRead(GDO0));
 330:/Users/davide/Documents/NQM_WORK/MinimizedBoard/Attiny48/i2ctest/MINI-RF/MINI-RF/cc1101.c **** //         return 1;
 331:/Users/davide/Documents/NQM_WORK/MinimizedBoard/Attiny48/i2ctest/MINI-RF/MINI-RF/cc1101.c **** //     }
 332:/Users/davide/Documents/NQM_WORK/MinimizedBoard/Attiny48/i2ctest/MINI-RF/MINI-RF/cc1101.c **** //     else                            // no data
 333:/Users/davide/Documents/NQM_WORK/MinimizedBoard/Attiny48/i2ctest/MINI-RF/MINI-RF/cc1101.c **** //     {
 334:/Users/davide/Documents/NQM_WORK/MinimizedBoard/Attiny48/i2ctest/MINI-RF/MINI-RF/cc1101.c **** //         return 0;
 335:/Users/davide/Documents/NQM_WORK/MinimizedBoard/Attiny48/i2ctest/MINI-RF/MINI-RF/cc1101.c **** //     }
 336:/Users/davide/Documents/NQM_WORK/MinimizedBoard/Attiny48/i2ctest/MINI-RF/MINI-RF/cc1101.c **** // }
 337:/Users/davide/Documents/NQM_WORK/MinimizedBoard/Attiny48/i2ctest/MINI-RF/MINI-RF/cc1101.c **** 
 338:/Users/davide/Documents/NQM_WORK/MinimizedBoard/Attiny48/i2ctest/MINI-RF/MINI-RF/cc1101.c **** 
 339:/Users/davide/Documents/NQM_WORK/MinimizedBoard/Attiny48/i2ctest/MINI-RF/MINI-RF/cc1101.c **** /****************************************************************
 340:/Users/davide/Documents/NQM_WORK/MinimizedBoard/Attiny48/i2ctest/MINI-RF/MINI-RF/cc1101.c ****  *FUNCTION NAME:ReceiveData
 341:/Users/davide/Documents/NQM_WORK/MinimizedBoard/Attiny48/i2ctest/MINI-RF/MINI-RF/cc1101.c ****  *FUNCTION     :read data received from RXfifo
 342:/Users/davide/Documents/NQM_WORK/MinimizedBoard/Attiny48/i2ctest/MINI-RF/MINI-RF/cc1101.c ****  *INPUT        :rxBuffer: buffer to store data
 343:/Users/davide/Documents/NQM_WORK/MinimizedBoard/Attiny48/i2ctest/MINI-RF/MINI-RF/cc1101.c ****  *OUTPUT       :size of data received
 344:/Users/davide/Documents/NQM_WORK/MinimizedBoard/Attiny48/i2ctest/MINI-RF/MINI-RF/cc1101.c ****  ****************************************************************/
 345:/Users/davide/Documents/NQM_WORK/MinimizedBoard/Attiny48/i2ctest/MINI-RF/MINI-RF/cc1101.c **** byte ReceiveData(byte *rxBuffer)
 346:/Users/davide/Documents/NQM_WORK/MinimizedBoard/Attiny48/i2ctest/MINI-RF/MINI-RF/cc1101.c **** {
 914               	.LM127:
 915               	.LFBB15:
 916 028a EF92      		push r14
 917 028c FF92      		push r15
 918 028e 1F93      		push r17
 919 0290 CF93      		push r28
 920 0292 DF93      		push r29
 921 0294 00D0      		rcall .
 922 0296 CDB7      		in r28,__SP_L__
 923 0298 DEB7      		in r29,__SP_H__
 924               	/* prologue: function */
 925               	/* frame size = 2 */
 926               	/* stack size = 7 */
 927               	.L__stack_usage = 7
 928 029a 7C01      		movw r14,r24
 347:/Users/davide/Documents/NQM_WORK/MinimizedBoard/Attiny48/i2ctest/MINI-RF/MINI-RF/cc1101.c ****     byte size;
 348:/Users/davide/Documents/NQM_WORK/MinimizedBoard/Attiny48/i2ctest/MINI-RF/MINI-RF/cc1101.c ****     byte status[2];
 349:/Users/davide/Documents/NQM_WORK/MinimizedBoard/Attiny48/i2ctest/MINI-RF/MINI-RF/cc1101.c ****     
 350:/Users/davide/Documents/NQM_WORK/MinimizedBoard/Attiny48/i2ctest/MINI-RF/MINI-RF/cc1101.c ****     if(SpiReadStatus(CC1101_RXBYTES) & BYTES_IN_RXFIFO)
 930               	.LM128:
 931 029c 8BE3      		ldi r24,lo8(59)
 932 029e 00D0      		rcall SpiReadStatus
 933 02a0 182F      		mov r17,r24
 934 02a2 1F77      		andi r17,lo8(127)
 935 02a4 01F0      		breq .L51
 351:/Users/davide/Documents/NQM_WORK/MinimizedBoard/Attiny48/i2ctest/MINI-RF/MINI-RF/cc1101.c ****     {
 352:/Users/davide/Documents/NQM_WORK/MinimizedBoard/Attiny48/i2ctest/MINI-RF/MINI-RF/cc1101.c ****         size=SpiReadReg(CC1101_RXFIFO);
 937               	.LM129:
 938 02a6 8FE3      		ldi r24,lo8(63)
 939 02a8 00D0      		rcall SpiReadReg
 940 02aa 182F      		mov r17,r24
 353:/Users/davide/Documents/NQM_WORK/MinimizedBoard/Attiny48/i2ctest/MINI-RF/MINI-RF/cc1101.c ****         SpiReadBurstReg(CC1101_RXFIFO,rxBuffer,size);
 942               	.LM130:
 943 02ac 482F      		mov r20,r24
 944 02ae B701      		movw r22,r14
 945 02b0 8FE3      		ldi r24,lo8(63)
 946 02b2 00D0      		rcall SpiReadBurstReg
 354:/Users/davide/Documents/NQM_WORK/MinimizedBoard/Attiny48/i2ctest/MINI-RF/MINI-RF/cc1101.c ****         SpiReadBurstReg(CC1101_RXFIFO,status,2);
 948               	.LM131:
 949 02b4 42E0      		ldi r20,lo8(2)
 950 02b6 BE01      		movw r22,r28
 951 02b8 6F5F      		subi r22,-1
 952 02ba 7F4F      		sbci r23,-1
 953 02bc 8FE3      		ldi r24,lo8(63)
 954 02be 00D0      		rcall SpiReadBurstReg
 955               	.L51:
 355:/Users/davide/Documents/NQM_WORK/MinimizedBoard/Attiny48/i2ctest/MINI-RF/MINI-RF/cc1101.c ****         SpiStrobe(CC1101_SFRX);
 356:/Users/davide/Documents/NQM_WORK/MinimizedBoard/Attiny48/i2ctest/MINI-RF/MINI-RF/cc1101.c ****         return size;
 357:/Users/davide/Documents/NQM_WORK/MinimizedBoard/Attiny48/i2ctest/MINI-RF/MINI-RF/cc1101.c ****     }
 358:/Users/davide/Documents/NQM_WORK/MinimizedBoard/Attiny48/i2ctest/MINI-RF/MINI-RF/cc1101.c ****     else
 359:/Users/davide/Documents/NQM_WORK/MinimizedBoard/Attiny48/i2ctest/MINI-RF/MINI-RF/cc1101.c ****     {
 360:/Users/davide/Documents/NQM_WORK/MinimizedBoard/Attiny48/i2ctest/MINI-RF/MINI-RF/cc1101.c ****         SpiStrobe(CC1101_SFRX);
 957               	.LM132:
 958 02c0 8AE3      		ldi r24,lo8(58)
 959 02c2 00D0      		rcall SpiStrobe
 361:/Users/davide/Documents/NQM_WORK/MinimizedBoard/Attiny48/i2ctest/MINI-RF/MINI-RF/cc1101.c ****         return 0;
 362:/Users/davide/Documents/NQM_WORK/MinimizedBoard/Attiny48/i2ctest/MINI-RF/MINI-RF/cc1101.c ****     }
 363:/Users/davide/Documents/NQM_WORK/MinimizedBoard/Attiny48/i2ctest/MINI-RF/MINI-RF/cc1101.c ****     
 364:/Users/davide/Documents/NQM_WORK/MinimizedBoard/Attiny48/i2ctest/MINI-RF/MINI-RF/cc1101.c **** }...
 961               	.LM133:
 962 02c4 812F      		mov r24,r17
 963               	/* epilogue start */
 964 02c6 0F90      		pop __tmp_reg__
 965 02c8 0F90      		pop __tmp_reg__
 966 02ca DF91      		pop r29
 967 02cc CF91      		pop r28
 968 02ce 1F91      		pop r17
 969 02d0 FF90      		pop r15
 970 02d2 EF90      		pop r14
 971 02d4 0895      		ret
 977               	.Lscope15:
 978               	.global	PaTabel
 979               		.data
 982               	PaTabel:
 983 0000 60        		.byte	96
 984 0001 60        		.byte	96
 985 0002 60        		.byte	96
 986 0003 60        		.byte	96
 987 0004 60        		.byte	96
 988 0005 60        		.byte	96
 989 0006 60        		.byte	96
 990 0007 60        		.byte	96
 992               		.text
 994               	.Letext0:
 995               		.ident	"GCC: (GNU) 4.9.3"
 996               	.global __do_copy_data
DEFINED SYMBOLS
                            *ABS*:0000000000000000 cc1101.c
/var/folders/fc/8p1lqrrj7p3f4bt9djyny4yh0000gn/T//ccEjMQUF.s:2      *ABS*:000000000000003e __SP_H__
/var/folders/fc/8p1lqrrj7p3f4bt9djyny4yh0000gn/T//ccEjMQUF.s:3      *ABS*:000000000000003d __SP_L__
/var/folders/fc/8p1lqrrj7p3f4bt9djyny4yh0000gn/T//ccEjMQUF.s:4      *ABS*:000000000000003f __SREG__
/var/folders/fc/8p1lqrrj7p3f4bt9djyny4yh0000gn/T//ccEjMQUF.s:5      *ABS*:0000000000000000 __tmp_reg__
/var/folders/fc/8p1lqrrj7p3f4bt9djyny4yh0000gn/T//ccEjMQUF.s:6      *ABS*:0000000000000001 __zero_reg__
/var/folders/fc/8p1lqrrj7p3f4bt9djyny4yh0000gn/T//ccEjMQUF.s:118    .text:0000000000000000 SpiInit
/var/folders/fc/8p1lqrrj7p3f4bt9djyny4yh0000gn/T//ccEjMQUF.s:152    .text:0000000000000014 SpiTransfer
/var/folders/fc/8p1lqrrj7p3f4bt9djyny4yh0000gn/T//ccEjMQUF.s:180    .text:0000000000000020 GDO_Set
/var/folders/fc/8p1lqrrj7p3f4bt9djyny4yh0000gn/T//ccEjMQUF.s:197    .text:0000000000000024 Reset
/var/folders/fc/8p1lqrrj7p3f4bt9djyny4yh0000gn/T//ccEjMQUF.s:272    .text:0000000000000054 SpiWriteReg
/var/folders/fc/8p1lqrrj7p3f4bt9djyny4yh0000gn/T//ccEjMQUF.s:317    .text:0000000000000074 SpiWriteBurstReg
/var/folders/fc/8p1lqrrj7p3f4bt9djyny4yh0000gn/T//ccEjMQUF.s:398    .text:00000000000000c8 SpiStrobe
/var/folders/fc/8p1lqrrj7p3f4bt9djyny4yh0000gn/T//ccEjMQUF.s:428    .text:00000000000000d6 SpiReadReg
/var/folders/fc/8p1lqrrj7p3f4bt9djyny4yh0000gn/T//ccEjMQUF.s:471    .text:00000000000000ea SpiReadBurstReg
/var/folders/fc/8p1lqrrj7p3f4bt9djyny4yh0000gn/T//ccEjMQUF.s:553    .text:0000000000000140 SpiReadStatus
/var/folders/fc/8p1lqrrj7p3f4bt9djyny4yh0000gn/T//ccEjMQUF.s:594    .text:0000000000000154 RegConfigSettings
/var/folders/fc/8p1lqrrj7p3f4bt9djyny4yh0000gn/T//ccEjMQUF.s:777    .text:0000000000000220 Init
/var/folders/fc/8p1lqrrj7p3f4bt9djyny4yh0000gn/T//ccEjMQUF.s:982    .data:0000000000000000 PaTabel
/var/folders/fc/8p1lqrrj7p3f4bt9djyny4yh0000gn/T//ccEjMQUF.s:822    .text:000000000000023c SendData
/var/folders/fc/8p1lqrrj7p3f4bt9djyny4yh0000gn/T//ccEjMQUF.s:894    .text:0000000000000286 SetReceive
/var/folders/fc/8p1lqrrj7p3f4bt9djyny4yh0000gn/T//ccEjMQUF.s:912    .text:000000000000028a ReceiveData

UNDEFINED SYMBOLS
__do_copy_data
