Archive member included to satisfy reference by file (symbol)

/usr/local/Cellar/avr-gcc/4.9.3/lib/gcc/avr/4.9.3/../../../../avr/lib/avr25/libm.a(addsf3.o)
                              Builds/main.o (__subsf3)
/usr/local/Cellar/avr-gcc/4.9.3/lib/gcc/avr/4.9.3/../../../../avr/lib/avr25/libm.a(addsf3x.o)
                              /usr/local/Cellar/avr-gcc/4.9.3/lib/gcc/avr/4.9.3/../../../../avr/lib/avr25/libm.a(addsf3.o) (__addsf3x)
/usr/local/Cellar/avr-gcc/4.9.3/lib/gcc/avr/4.9.3/../../../../avr/lib/avr25/libm.a(fixunssfsi.o)
                              Builds/main.o (__fixunssfsi)
/usr/local/Cellar/avr-gcc/4.9.3/lib/gcc/avr/4.9.3/../../../../avr/lib/avr25/libm.a(floatsisf.o)
                              Builds/main.o (__floatunsisf)
/usr/local/Cellar/avr-gcc/4.9.3/lib/gcc/avr/4.9.3/../../../../avr/lib/avr25/libm.a(fp_inf.o)
                              /usr/local/Cellar/avr-gcc/4.9.3/lib/gcc/avr/4.9.3/../../../../avr/lib/avr25/libm.a(addsf3x.o) (__fp_inf)
/usr/local/Cellar/avr-gcc/4.9.3/lib/gcc/avr/4.9.3/../../../../avr/lib/avr25/libm.a(fp_nan.o)
                              /usr/local/Cellar/avr-gcc/4.9.3/lib/gcc/avr/4.9.3/../../../../avr/lib/avr25/libm.a(addsf3x.o) (__fp_nan)
/usr/local/Cellar/avr-gcc/4.9.3/lib/gcc/avr/4.9.3/../../../../avr/lib/avr25/libm.a(fp_pscA.o)
                              /usr/local/Cellar/avr-gcc/4.9.3/lib/gcc/avr/4.9.3/../../../../avr/lib/avr25/libm.a(addsf3x.o) (__fp_pscA)
/usr/local/Cellar/avr-gcc/4.9.3/lib/gcc/avr/4.9.3/../../../../avr/lib/avr25/libm.a(fp_pscB.o)
                              /usr/local/Cellar/avr-gcc/4.9.3/lib/gcc/avr/4.9.3/../../../../avr/lib/avr25/libm.a(addsf3x.o) (__fp_pscB)
/usr/local/Cellar/avr-gcc/4.9.3/lib/gcc/avr/4.9.3/../../../../avr/lib/avr25/libm.a(fp_round.o)
                              /usr/local/Cellar/avr-gcc/4.9.3/lib/gcc/avr/4.9.3/../../../../avr/lib/avr25/libm.a(addsf3.o) (__fp_round)
/usr/local/Cellar/avr-gcc/4.9.3/lib/gcc/avr/4.9.3/../../../../avr/lib/avr25/libm.a(fp_split3.o)
                              /usr/local/Cellar/avr-gcc/4.9.3/lib/gcc/avr/4.9.3/../../../../avr/lib/avr25/libm.a(addsf3x.o) (__fp_split3)
/usr/local/Cellar/avr-gcc/4.9.3/lib/gcc/avr/4.9.3/../../../../avr/lib/avr25/libm.a(fp_zero.o)
                              /usr/local/Cellar/avr-gcc/4.9.3/lib/gcc/avr/4.9.3/../../../../avr/lib/avr25/libm.a(addsf3x.o) (__fp_zero)
/usr/local/Cellar/avr-gcc/4.9.3/lib/gcc/avr/4.9.3/../../../../avr/lib/avr25/libm.a(mulsf3.o)
                              Builds/main.o (__mulsf3)
/usr/local/Cellar/avr-gcc/4.9.3/lib/gcc/avr/4.9.3/../../../../avr/lib/avr25/libm.a(mulsf3x.o)
                              /usr/local/Cellar/avr-gcc/4.9.3/lib/gcc/avr/4.9.3/../../../../avr/lib/avr25/libm.a(mulsf3.o) (__mulsf3x)
/usr/local/Cellar/avr-gcc/4.9.3/lib/gcc/avr/4.9.3/avr25/libgcc.a(_udivmodsi4.o)
                              Builds/TWI_Master.o (__udivmodsi4)
/usr/local/Cellar/avr-gcc/4.9.3/lib/gcc/avr/4.9.3/avr25/libgcc.a(_exit.o)
                              /usr/local/Cellar/avr-gcc/4.9.3/lib/gcc/avr/4.9.3/../../../../avr/lib/avr25/crttn48.o (exit)
/usr/local/Cellar/avr-gcc/4.9.3/lib/gcc/avr/4.9.3/avr25/libgcc.a(_copy_data.o)
                              Builds/cc1101.o (__do_copy_data)
/usr/local/Cellar/avr-gcc/4.9.3/lib/gcc/avr/4.9.3/avr25/libgcc.a(_clear_bss.o)
                              Builds/main.o (__do_clear_bss)

Allocating common symbols
Common symbol       size              file

i                   0x1               Builds/main.o

Memory Configuration

Name             Origin             Length             Attributes
text             0x0000000000000000 0x0000000000002000 xr
data             0x0000000000800060 0x000000000000ffa0 rw !x
eeprom           0x0000000000810000 0x0000000000010000 rw !x
fuse             0x0000000000820000 0x0000000000000400 rw !x
lock             0x0000000000830000 0x0000000000000400 rw !x
signature        0x0000000000840000 0x0000000000000400 rw !x
*default*        0x0000000000000000 0xffffffffffffffff

Linker script and memory map

Address of section .data set to 0x800100
LOAD /usr/local/Cellar/avr-gcc/4.9.3/lib/gcc/avr/4.9.3/../../../../avr/lib/avr25/crttn48.o
LOAD Builds/TWI_Master.o
LOAD Builds/cc1101.o
LOAD Builds/ext_interrupt.o
LOAD Builds/main.o
LOAD Builds/receive.o
LOAD Builds/transmit.o
LOAD /usr/local/Cellar/avr-gcc/4.9.3/lib/gcc/avr/4.9.3/../../../../avr/lib/avr25/libm.a
START GROUP
LOAD /usr/local/Cellar/avr-gcc/4.9.3/lib/gcc/avr/4.9.3/avr25/libgcc.a
LOAD /usr/local/Cellar/avr-gcc/4.9.3/lib/gcc/avr/4.9.3/../../../../avr/lib/avr25/libm.a
LOAD /usr/local/Cellar/avr-gcc/4.9.3/lib/gcc/avr/4.9.3/../../../../avr/lib/avr25/libc.a
END GROUP

.hash
 *(.hash)

.dynsym
 *(.dynsym)

.dynstr
 *(.dynstr)

.gnu.version
 *(.gnu.version)

.gnu.version_d
 *(.gnu.version_d)

.gnu.version_r
 *(.gnu.version_r)

.rel.init
 *(.rel.init)

.rela.init
 *(.rela.init)

.rel.text
 *(.rel.text)
 *(.rel.text.*)
 *(.rel.gnu.linkonce.t*)

.rela.text
 *(.rela.text)
 *(.rela.text.*)
 *(.rela.gnu.linkonce.t*)

.rel.fini
 *(.rel.fini)

.rela.fini
 *(.rela.fini)

.rel.rodata
 *(.rel.rodata)
 *(.rel.rodata.*)
 *(.rel.gnu.linkonce.r*)

.rela.rodata
 *(.rela.rodata)
 *(.rela.rodata.*)
 *(.rela.gnu.linkonce.r*)

.rel.data
 *(.rel.data)
 *(.rel.data.*)
 *(.rel.gnu.linkonce.d*)

.rela.data
 *(.rela.data)
 *(.rela.data.*)
 *(.rela.gnu.linkonce.d*)

.rel.ctors
 *(.rel.ctors)

.rela.ctors
 *(.rela.ctors)

.rel.dtors
 *(.rel.dtors)

.rela.dtors
 *(.rela.dtors)

.rel.got
 *(.rel.got)

.rela.got
 *(.rela.got)

.rel.bss
 *(.rel.bss)

.rela.bss
 *(.rela.bss)

.rel.plt
 *(.rel.plt)

.rela.plt
 *(.rela.plt)

.text           0x0000000000000000      0xcc8
 *(.vectors)
 .vectors       0x0000000000000000       0x28 /usr/local/Cellar/avr-gcc/4.9.3/lib/gcc/avr/4.9.3/../../../../avr/lib/avr25/crttn48.o
                0x0000000000000000                __vectors
                0x0000000000000000                __vector_default
 *(.vectors)
 *(.progmem.gcc*)
 .progmem.gcc_sw_table
                0x0000000000000028       0x62 Builds/ext_interrupt.o
                0x000000000000008a                . = ALIGN (0x2)
                0x000000000000008a                __trampolines_start = .
 *(.trampolines)
 .trampolines   0x000000000000008a        0x0 linker stubs
 *(.trampolines*)
                0x000000000000008a                __trampolines_end = .
 *(.progmem*)
                0x000000000000008a                . = ALIGN (0x2)
 *(.jumptables)
 *(.jumptables*)
 *(.lowtext)
 *(.lowtext*)
                0x000000000000008a                __ctors_start = .
 *(.ctors)
                0x000000000000008a                __ctors_end = .
                0x000000000000008a                __dtors_start = .
 *(.dtors)
                0x000000000000008a                __dtors_end = .
 SORT(*)(.ctors)
 SORT(*)(.dtors)
 *(.init0)
 .init0         0x000000000000008a        0x0 /usr/local/Cellar/avr-gcc/4.9.3/lib/gcc/avr/4.9.3/../../../../avr/lib/avr25/crttn48.o
                0x000000000000008a                __init
 *(.init0)
 *(.init1)
 *(.init1)
 *(.init2)
 .init2         0x000000000000008a        0xc /usr/local/Cellar/avr-gcc/4.9.3/lib/gcc/avr/4.9.3/../../../../avr/lib/avr25/crttn48.o
 *(.init2)
 *(.init3)
 *(.init3)
 *(.init4)
 .init4         0x0000000000000096       0x16 /usr/local/Cellar/avr-gcc/4.9.3/lib/gcc/avr/4.9.3/avr25/libgcc.a(_copy_data.o)
                0x0000000000000096                __do_copy_data
 .init4         0x00000000000000ac       0x10 /usr/local/Cellar/avr-gcc/4.9.3/lib/gcc/avr/4.9.3/avr25/libgcc.a(_clear_bss.o)
                0x00000000000000ac                __do_clear_bss
 *(.init4)
 *(.init5)
 *(.init5)
 *(.init6)
 *(.init6)
 *(.init7)
 *(.init7)
 *(.init8)
 *(.init8)
 *(.init9)
 .init9         0x00000000000000bc        0x4 /usr/local/Cellar/avr-gcc/4.9.3/lib/gcc/avr/4.9.3/../../../../avr/lib/avr25/crttn48.o
 *(.init9)
 *(.text)
 .text          0x00000000000000c0        0x2 /usr/local/Cellar/avr-gcc/4.9.3/lib/gcc/avr/4.9.3/../../../../avr/lib/avr25/crttn48.o
                0x00000000000000c0                __vector_18
                0x00000000000000c0                __vector_12
                0x00000000000000c0                __bad_interrupt
                0x00000000000000c0                __vector_6
                0x00000000000000c0                __vector_3
                0x00000000000000c0                __vector_11
                0x00000000000000c0                __vector_13
                0x00000000000000c0                __vector_17
                0x00000000000000c0                __vector_19
                0x00000000000000c0                __vector_7
                0x00000000000000c0                __vector_4
                0x00000000000000c0                __vector_9
                0x00000000000000c0                __vector_2
                0x00000000000000c0                __vector_15
                0x00000000000000c0                __vector_8
                0x00000000000000c0                __vector_14
                0x00000000000000c0                __vector_10
                0x00000000000000c0                __vector_16
                0x00000000000000c0                __vector_1
 .text          0x00000000000000c2       0xd4 Builds/TWI_Master.o
                0x00000000000000c2                TWIM_Init
                0x00000000000000f4                TWIM_Start
                0x000000000000013c                TWIM_Stop
                0x000000000000014c                TWIM_Write
                0x000000000000016e                TWIM_ReadAck
                0x0000000000000182                TWIM_ReadNack
 .text          0x0000000000000196      0x2d6 Builds/cc1101.o
                0x0000000000000196                SpiInit
                0x00000000000001aa                SpiTransfer
                0x00000000000001b6                GDO_Set
                0x00000000000001ba                Reset
                0x00000000000001ea                SpiWriteReg
                0x000000000000020a                SpiWriteBurstReg
                0x000000000000025e                SpiStrobe
                0x000000000000026c                SpiReadReg
                0x0000000000000280                SpiReadBurstReg
                0x00000000000002d6                SpiReadStatus
                0x00000000000002ea                RegConfigSettings
                0x00000000000003b6                Init
                0x00000000000003d2                SendData
                0x000000000000041c                SetReceive
                0x0000000000000420                ReceiveData
 .text          0x000000000000046c      0x316 Builds/ext_interrupt.o
                0x000000000000046c                Configure_Interrupt
                0x00000000000004e2                Enable_Interrupt
                0x00000000000004f4                Enable_Pcinterrupt
                0x000000000000062c                Disable_Interrupt
                0x000000000000063e                Disable_Pcinterrupt
 .text          0x0000000000000782       0xa6 Builds/main.o
                0x0000000000000782                pciSetup
                0x000000000000080a                __vector_5
 .text          0x0000000000000828        0x0 Builds/receive.o
 .text          0x0000000000000828        0x0 Builds/transmit.o
 .text          0x0000000000000828        0x0 /usr/local/Cellar/avr-gcc/4.9.3/lib/gcc/avr/4.9.3/../../../../avr/lib/avr25/libm.a(addsf3.o)
 .text          0x0000000000000828        0x0 /usr/local/Cellar/avr-gcc/4.9.3/lib/gcc/avr/4.9.3/../../../../avr/lib/avr25/libm.a(addsf3x.o)
 .text          0x0000000000000828        0x0 /usr/local/Cellar/avr-gcc/4.9.3/lib/gcc/avr/4.9.3/../../../../avr/lib/avr25/libm.a(fixunssfsi.o)
 .text          0x0000000000000828        0x0 /usr/local/Cellar/avr-gcc/4.9.3/lib/gcc/avr/4.9.3/../../../../avr/lib/avr25/libm.a(floatsisf.o)
 .text          0x0000000000000828        0x0 /usr/local/Cellar/avr-gcc/4.9.3/lib/gcc/avr/4.9.3/../../../../avr/lib/avr25/libm.a(fp_inf.o)
 .text          0x0000000000000828        0x0 /usr/local/Cellar/avr-gcc/4.9.3/lib/gcc/avr/4.9.3/../../../../avr/lib/avr25/libm.a(fp_nan.o)
 .text          0x0000000000000828        0x0 /usr/local/Cellar/avr-gcc/4.9.3/lib/gcc/avr/4.9.3/../../../../avr/lib/avr25/libm.a(fp_pscA.o)
 .text          0x0000000000000828        0x0 /usr/local/Cellar/avr-gcc/4.9.3/lib/gcc/avr/4.9.3/../../../../avr/lib/avr25/libm.a(fp_pscB.o)
 .text          0x0000000000000828        0x0 /usr/local/Cellar/avr-gcc/4.9.3/lib/gcc/avr/4.9.3/../../../../avr/lib/avr25/libm.a(fp_round.o)
 .text          0x0000000000000828        0x0 /usr/local/Cellar/avr-gcc/4.9.3/lib/gcc/avr/4.9.3/../../../../avr/lib/avr25/libm.a(fp_split3.o)
 .text          0x0000000000000828        0x0 /usr/local/Cellar/avr-gcc/4.9.3/lib/gcc/avr/4.9.3/../../../../avr/lib/avr25/libm.a(fp_zero.o)
 .text          0x0000000000000828        0x0 /usr/local/Cellar/avr-gcc/4.9.3/lib/gcc/avr/4.9.3/../../../../avr/lib/avr25/libm.a(mulsf3.o)
 .text          0x0000000000000828        0x0 /usr/local/Cellar/avr-gcc/4.9.3/lib/gcc/avr/4.9.3/../../../../avr/lib/avr25/libm.a(mulsf3x.o)
 .text          0x0000000000000828        0x0 /usr/local/Cellar/avr-gcc/4.9.3/lib/gcc/avr/4.9.3/avr25/libgcc.a(_udivmodsi4.o)
 .text          0x0000000000000828        0x0 /usr/local/Cellar/avr-gcc/4.9.3/lib/gcc/avr/4.9.3/avr25/libgcc.a(_exit.o)
 .text          0x0000000000000828        0x0 /usr/local/Cellar/avr-gcc/4.9.3/lib/gcc/avr/4.9.3/avr25/libgcc.a(_copy_data.o)
 .text          0x0000000000000828        0x0 /usr/local/Cellar/avr-gcc/4.9.3/lib/gcc/avr/4.9.3/avr25/libgcc.a(_clear_bss.o)
                0x0000000000000828                . = ALIGN (0x2)
 *(.text.*)
 .text.startup  0x0000000000000828      0x144 Builds/main.o
                0x0000000000000828                main
 .text.avr-libc.fplib
                0x000000000000096c        0xa /usr/local/Cellar/avr-gcc/4.9.3/lib/gcc/avr/4.9.3/../../../../avr/lib/avr25/libm.a(addsf3.o)
                0x000000000000096c                __subsf3
                0x000000000000096e                __addsf3
 .text.avr-libc.fplib
                0x0000000000000976       0xc0 /usr/local/Cellar/avr-gcc/4.9.3/lib/gcc/avr/4.9.3/../../../../avr/lib/avr25/libm.a(addsf3x.o)
                0x0000000000000990                __addsf3x
 .text.avr-libc.fplib
                0x0000000000000a36       0x58 /usr/local/Cellar/avr-gcc/4.9.3/lib/gcc/avr/4.9.3/../../../../avr/lib/avr25/libm.a(fixunssfsi.o)
                0x0000000000000a36                __fixunssfsi
 .text.avr-libc.fplib
                0x0000000000000a8e       0x7a /usr/local/Cellar/avr-gcc/4.9.3/lib/gcc/avr/4.9.3/../../../../avr/lib/avr25/libm.a(floatsisf.o)
                0x0000000000000a8e                __floatunsisf
                0x0000000000000a92                __floatsisf
 .text.avr-libc.fplib
                0x0000000000000b08        0xc /usr/local/Cellar/avr-gcc/4.9.3/lib/gcc/avr/4.9.3/../../../../avr/lib/avr25/libm.a(fp_inf.o)
                0x0000000000000b08                __fp_inf
 .text.avr-libc.fplib
                0x0000000000000b14        0x6 /usr/local/Cellar/avr-gcc/4.9.3/lib/gcc/avr/4.9.3/../../../../avr/lib/avr25/libm.a(fp_nan.o)
                0x0000000000000b14                __fp_nan
 .text.avr-libc.fplib
                0x0000000000000b1a        0xe /usr/local/Cellar/avr-gcc/4.9.3/lib/gcc/avr/4.9.3/../../../../avr/lib/avr25/libm.a(fp_pscA.o)
                0x0000000000000b1a                __fp_pscA
 .text.avr-libc.fplib
                0x0000000000000b28        0xe /usr/local/Cellar/avr-gcc/4.9.3/lib/gcc/avr/4.9.3/../../../../avr/lib/avr25/libm.a(fp_pscB.o)
                0x0000000000000b28                __fp_pscB
 .text.avr-libc.fplib
                0x0000000000000b36       0x22 /usr/local/Cellar/avr-gcc/4.9.3/lib/gcc/avr/4.9.3/../../../../avr/lib/avr25/libm.a(fp_round.o)
                0x0000000000000b36                __fp_round
 .text.avr-libc.fplib
                0x0000000000000b58       0x44 /usr/local/Cellar/avr-gcc/4.9.3/lib/gcc/avr/4.9.3/../../../../avr/lib/avr25/libm.a(fp_split3.o)
                0x0000000000000b58                __fp_split3
                0x0000000000000b68                __fp_splitA
 .text.avr-libc.fplib
                0x0000000000000b9c        0xe /usr/local/Cellar/avr-gcc/4.9.3/lib/gcc/avr/4.9.3/../../../../avr/lib/avr25/libm.a(fp_zero.o)
                0x0000000000000b9c                __fp_zero
                0x0000000000000b9e                __fp_szero
 .text.avr-libc.fplib
                0x0000000000000baa        0x4 /usr/local/Cellar/avr-gcc/4.9.3/lib/gcc/avr/4.9.3/../../../../avr/lib/avr25/libm.a(mulsf3.o)
                0x0000000000000baa                __mulsf3
 .text.avr-libc.fplib
                0x0000000000000bae       0xd2 /usr/local/Cellar/avr-gcc/4.9.3/lib/gcc/avr/4.9.3/../../../../avr/lib/avr25/libm.a(mulsf3x.o)
                0x0000000000000bc0                __mulsf3x
                0x0000000000000bc4                __mulsf3_pse
 .text.libgcc.mul
                0x0000000000000c80        0x0 /usr/local/Cellar/avr-gcc/4.9.3/lib/gcc/avr/4.9.3/avr25/libgcc.a(_udivmodsi4.o)
 .text.libgcc.div
                0x0000000000000c80       0x44 /usr/local/Cellar/avr-gcc/4.9.3/lib/gcc/avr/4.9.3/avr25/libgcc.a(_udivmodsi4.o)
                0x0000000000000c80                __udivmodsi4
 .text.libgcc   0x0000000000000cc4        0x0 /usr/local/Cellar/avr-gcc/4.9.3/lib/gcc/avr/4.9.3/avr25/libgcc.a(_udivmodsi4.o)
 .text.libgcc.prologue
                0x0000000000000cc4        0x0 /usr/local/Cellar/avr-gcc/4.9.3/lib/gcc/avr/4.9.3/avr25/libgcc.a(_udivmodsi4.o)
 .text.libgcc.builtins
                0x0000000000000cc4        0x0 /usr/local/Cellar/avr-gcc/4.9.3/lib/gcc/avr/4.9.3/avr25/libgcc.a(_udivmodsi4.o)
 .text.libgcc.fmul
                0x0000000000000cc4        0x0 /usr/local/Cellar/avr-gcc/4.9.3/lib/gcc/avr/4.9.3/avr25/libgcc.a(_udivmodsi4.o)
 .text.libgcc.fixed
                0x0000000000000cc4        0x0 /usr/local/Cellar/avr-gcc/4.9.3/lib/gcc/avr/4.9.3/avr25/libgcc.a(_udivmodsi4.o)
 .text.libgcc.mul
                0x0000000000000cc4        0x0 /usr/local/Cellar/avr-gcc/4.9.3/lib/gcc/avr/4.9.3/avr25/libgcc.a(_exit.o)
 .text.libgcc.div
                0x0000000000000cc4        0x0 /usr/local/Cellar/avr-gcc/4.9.3/lib/gcc/avr/4.9.3/avr25/libgcc.a(_exit.o)
 .text.libgcc   0x0000000000000cc4        0x0 /usr/local/Cellar/avr-gcc/4.9.3/lib/gcc/avr/4.9.3/avr25/libgcc.a(_exit.o)
 .text.libgcc.prologue
                0x0000000000000cc4        0x0 /usr/local/Cellar/avr-gcc/4.9.3/lib/gcc/avr/4.9.3/avr25/libgcc.a(_exit.o)
 .text.libgcc.builtins
                0x0000000000000cc4        0x0 /usr/local/Cellar/avr-gcc/4.9.3/lib/gcc/avr/4.9.3/avr25/libgcc.a(_exit.o)
 .text.libgcc.fmul
                0x0000000000000cc4        0x0 /usr/local/Cellar/avr-gcc/4.9.3/lib/gcc/avr/4.9.3/avr25/libgcc.a(_exit.o)
 .text.libgcc.fixed
                0x0000000000000cc4        0x0 /usr/local/Cellar/avr-gcc/4.9.3/lib/gcc/avr/4.9.3/avr25/libgcc.a(_exit.o)
 .text.libgcc.mul
                0x0000000000000cc4        0x0 /usr/local/Cellar/avr-gcc/4.9.3/lib/gcc/avr/4.9.3/avr25/libgcc.a(_copy_data.o)
 .text.libgcc.div
                0x0000000000000cc4        0x0 /usr/local/Cellar/avr-gcc/4.9.3/lib/gcc/avr/4.9.3/avr25/libgcc.a(_copy_data.o)
 .text.libgcc   0x0000000000000cc4        0x0 /usr/local/Cellar/avr-gcc/4.9.3/lib/gcc/avr/4.9.3/avr25/libgcc.a(_copy_data.o)
 .text.libgcc.prologue
                0x0000000000000cc4        0x0 /usr/local/Cellar/avr-gcc/4.9.3/lib/gcc/avr/4.9.3/avr25/libgcc.a(_copy_data.o)
 .text.libgcc.builtins
                0x0000000000000cc4        0x0 /usr/local/Cellar/avr-gcc/4.9.3/lib/gcc/avr/4.9.3/avr25/libgcc.a(_copy_data.o)
 .text.libgcc.fmul
                0x0000000000000cc4        0x0 /usr/local/Cellar/avr-gcc/4.9.3/lib/gcc/avr/4.9.3/avr25/libgcc.a(_copy_data.o)
 .text.libgcc.fixed
                0x0000000000000cc4        0x0 /usr/local/Cellar/avr-gcc/4.9.3/lib/gcc/avr/4.9.3/avr25/libgcc.a(_copy_data.o)
 .text.libgcc.mul
                0x0000000000000cc4        0x0 /usr/local/Cellar/avr-gcc/4.9.3/lib/gcc/avr/4.9.3/avr25/libgcc.a(_clear_bss.o)
 .text.libgcc.div
                0x0000000000000cc4        0x0 /usr/local/Cellar/avr-gcc/4.9.3/lib/gcc/avr/4.9.3/avr25/libgcc.a(_clear_bss.o)
 .text.libgcc   0x0000000000000cc4        0x0 /usr/local/Cellar/avr-gcc/4.9.3/lib/gcc/avr/4.9.3/avr25/libgcc.a(_clear_bss.o)
 .text.libgcc.prologue
                0x0000000000000cc4        0x0 /usr/local/Cellar/avr-gcc/4.9.3/lib/gcc/avr/4.9.3/avr25/libgcc.a(_clear_bss.o)
 .text.libgcc.builtins
                0x0000000000000cc4        0x0 /usr/local/Cellar/avr-gcc/4.9.3/lib/gcc/avr/4.9.3/avr25/libgcc.a(_clear_bss.o)
 .text.libgcc.fmul
                0x0000000000000cc4        0x0 /usr/local/Cellar/avr-gcc/4.9.3/lib/gcc/avr/4.9.3/avr25/libgcc.a(_clear_bss.o)
 .text.libgcc.fixed
                0x0000000000000cc4        0x0 /usr/local/Cellar/avr-gcc/4.9.3/lib/gcc/avr/4.9.3/avr25/libgcc.a(_clear_bss.o)
                0x0000000000000cc4                . = ALIGN (0x2)
 *(.fini9)
 .fini9         0x0000000000000cc4        0x0 /usr/local/Cellar/avr-gcc/4.9.3/lib/gcc/avr/4.9.3/avr25/libgcc.a(_exit.o)
                0x0000000000000cc4                exit
                0x0000000000000cc4                _exit
 *(.fini9)
 *(.fini8)
 *(.fini8)
 *(.fini7)
 *(.fini7)
 *(.fini6)
 *(.fini6)
 *(.fini5)
 *(.fini5)
 *(.fini4)
 *(.fini4)
 *(.fini3)
 *(.fini3)
 *(.fini2)
 *(.fini2)
 *(.fini1)
 *(.fini1)
 *(.fini0)
 .fini0         0x0000000000000cc4        0x4 /usr/local/Cellar/avr-gcc/4.9.3/lib/gcc/avr/4.9.3/avr25/libgcc.a(_exit.o)
 *(.fini0)
                0x0000000000000cc8                _etext = .

.data           0x0000000000800100        0x8 load address 0x0000000000000cc8
                0x0000000000800100                PROVIDE (__data_start, .)
 *(.data)
 .data          0x0000000000800100        0x0 /usr/local/Cellar/avr-gcc/4.9.3/lib/gcc/avr/4.9.3/../../../../avr/lib/avr25/crttn48.o
 .data          0x0000000000800100        0x0 Builds/TWI_Master.o
 .data          0x0000000000800100        0x8 Builds/cc1101.o
                0x0000000000800100                PaTabel
 .data          0x0000000000800108        0x0 Builds/ext_interrupt.o
 .data          0x0000000000800108        0x0 Builds/main.o
 .data          0x0000000000800108        0x0 Builds/receive.o
 .data          0x0000000000800108        0x0 Builds/transmit.o
 .data          0x0000000000800108        0x0 /usr/local/Cellar/avr-gcc/4.9.3/lib/gcc/avr/4.9.3/../../../../avr/lib/avr25/libm.a(addsf3.o)
 .data          0x0000000000800108        0x0 /usr/local/Cellar/avr-gcc/4.9.3/lib/gcc/avr/4.9.3/../../../../avr/lib/avr25/libm.a(addsf3x.o)
 .data          0x0000000000800108        0x0 /usr/local/Cellar/avr-gcc/4.9.3/lib/gcc/avr/4.9.3/../../../../avr/lib/avr25/libm.a(fixunssfsi.o)
 .data          0x0000000000800108        0x0 /usr/local/Cellar/avr-gcc/4.9.3/lib/gcc/avr/4.9.3/../../../../avr/lib/avr25/libm.a(floatsisf.o)
 .data          0x0000000000800108        0x0 /usr/local/Cellar/avr-gcc/4.9.3/lib/gcc/avr/4.9.3/../../../../avr/lib/avr25/libm.a(fp_inf.o)
 .data          0x0000000000800108        0x0 /usr/local/Cellar/avr-gcc/4.9.3/lib/gcc/avr/4.9.3/../../../../avr/lib/avr25/libm.a(fp_nan.o)
 .data          0x0000000000800108        0x0 /usr/local/Cellar/avr-gcc/4.9.3/lib/gcc/avr/4.9.3/../../../../avr/lib/avr25/libm.a(fp_pscA.o)
 .data          0x0000000000800108        0x0 /usr/local/Cellar/avr-gcc/4.9.3/lib/gcc/avr/4.9.3/../../../../avr/lib/avr25/libm.a(fp_pscB.o)
 .data          0x0000000000800108        0x0 /usr/local/Cellar/avr-gcc/4.9.3/lib/gcc/avr/4.9.3/../../../../avr/lib/avr25/libm.a(fp_round.o)
 .data          0x0000000000800108        0x0 /usr/local/Cellar/avr-gcc/4.9.3/lib/gcc/avr/4.9.3/../../../../avr/lib/avr25/libm.a(fp_split3.o)
 .data          0x0000000000800108        0x0 /usr/local/Cellar/avr-gcc/4.9.3/lib/gcc/avr/4.9.3/../../../../avr/lib/avr25/libm.a(fp_zero.o)
 .data          0x0000000000800108        0x0 /usr/local/Cellar/avr-gcc/4.9.3/lib/gcc/avr/4.9.3/../../../../avr/lib/avr25/libm.a(mulsf3.o)
 .data          0x0000000000800108        0x0 /usr/local/Cellar/avr-gcc/4.9.3/lib/gcc/avr/4.9.3/../../../../avr/lib/avr25/libm.a(mulsf3x.o)
 .data          0x0000000000800108        0x0 /usr/local/Cellar/avr-gcc/4.9.3/lib/gcc/avr/4.9.3/avr25/libgcc.a(_udivmodsi4.o)
 .data          0x0000000000800108        0x0 /usr/local/Cellar/avr-gcc/4.9.3/lib/gcc/avr/4.9.3/avr25/libgcc.a(_exit.o)
 .data          0x0000000000800108        0x0 /usr/local/Cellar/avr-gcc/4.9.3/lib/gcc/avr/4.9.3/avr25/libgcc.a(_copy_data.o)
 .data          0x0000000000800108        0x0 /usr/local/Cellar/avr-gcc/4.9.3/lib/gcc/avr/4.9.3/avr25/libgcc.a(_clear_bss.o)
 *(.data*)
 *(.rodata)
 *(.rodata*)
 *(.gnu.linkonce.d*)
                0x0000000000800108                . = ALIGN (0x2)
                0x0000000000800108                _edata = .
                0x0000000000800108                PROVIDE (__data_end, .)

.bss            0x0000000000800108       0x7c
                0x0000000000800108                PROVIDE (__bss_start, .)
 *(.bss)
 .bss           0x0000000000800108        0x0 /usr/local/Cellar/avr-gcc/4.9.3/lib/gcc/avr/4.9.3/../../../../avr/lib/avr25/crttn48.o
 .bss           0x0000000000800108        0x0 Builds/TWI_Master.o
 .bss           0x0000000000800108        0x0 Builds/cc1101.o
 .bss           0x0000000000800108        0x0 Builds/ext_interrupt.o
 .bss           0x0000000000800108       0x7b Builds/main.o
                0x0000000000800108                available
                0x0000000000800109                RX_buffer
                0x0000000000800146                TX_buffer
 .bss           0x0000000000800183        0x0 Builds/receive.o
 .bss           0x0000000000800183        0x0 Builds/transmit.o
 .bss           0x0000000000800183        0x0 /usr/local/Cellar/avr-gcc/4.9.3/lib/gcc/avr/4.9.3/../../../../avr/lib/avr25/libm.a(addsf3.o)
 .bss           0x0000000000800183        0x0 /usr/local/Cellar/avr-gcc/4.9.3/lib/gcc/avr/4.9.3/../../../../avr/lib/avr25/libm.a(addsf3x.o)
 .bss           0x0000000000800183        0x0 /usr/local/Cellar/avr-gcc/4.9.3/lib/gcc/avr/4.9.3/../../../../avr/lib/avr25/libm.a(fixunssfsi.o)
 .bss           0x0000000000800183        0x0 /usr/local/Cellar/avr-gcc/4.9.3/lib/gcc/avr/4.9.3/../../../../avr/lib/avr25/libm.a(floatsisf.o)
 .bss           0x0000000000800183        0x0 /usr/local/Cellar/avr-gcc/4.9.3/lib/gcc/avr/4.9.3/../../../../avr/lib/avr25/libm.a(fp_inf.o)
 .bss           0x0000000000800183        0x0 /usr/local/Cellar/avr-gcc/4.9.3/lib/gcc/avr/4.9.3/../../../../avr/lib/avr25/libm.a(fp_nan.o)
 .bss           0x0000000000800183        0x0 /usr/local/Cellar/avr-gcc/4.9.3/lib/gcc/avr/4.9.3/../../../../avr/lib/avr25/libm.a(fp_pscA.o)
 .bss           0x0000000000800183        0x0 /usr/local/Cellar/avr-gcc/4.9.3/lib/gcc/avr/4.9.3/../../../../avr/lib/avr25/libm.a(fp_pscB.o)
 .bss           0x0000000000800183        0x0 /usr/local/Cellar/avr-gcc/4.9.3/lib/gcc/avr/4.9.3/../../../../avr/lib/avr25/libm.a(fp_round.o)
 .bss           0x0000000000800183        0x0 /usr/local/Cellar/avr-gcc/4.9.3/lib/gcc/avr/4.9.3/../../../../avr/lib/avr25/libm.a(fp_split3.o)
 .bss           0x0000000000800183        0x0 /usr/local/Cellar/avr-gcc/4.9.3/lib/gcc/avr/4.9.3/../../../../avr/lib/avr25/libm.a(fp_zero.o)
 .bss           0x0000000000800183        0x0 /usr/local/Cellar/avr-gcc/4.9.3/lib/gcc/avr/4.9.3/../../../../avr/lib/avr25/libm.a(mulsf3.o)
 .bss           0x0000000000800183        0x0 /usr/local/Cellar/avr-gcc/4.9.3/lib/gcc/avr/4.9.3/../../../../avr/lib/avr25/libm.a(mulsf3x.o)
 .bss           0x0000000000800183        0x0 /usr/local/Cellar/avr-gcc/4.9.3/lib/gcc/avr/4.9.3/avr25/libgcc.a(_udivmodsi4.o)
 .bss           0x0000000000800183        0x0 /usr/local/Cellar/avr-gcc/4.9.3/lib/gcc/avr/4.9.3/avr25/libgcc.a(_exit.o)
 .bss           0x0000000000800183        0x0 /usr/local/Cellar/avr-gcc/4.9.3/lib/gcc/avr/4.9.3/avr25/libgcc.a(_copy_data.o)
 .bss           0x0000000000800183        0x0 /usr/local/Cellar/avr-gcc/4.9.3/lib/gcc/avr/4.9.3/avr25/libgcc.a(_clear_bss.o)
 *(.bss*)
 *(COMMON)
 COMMON         0x0000000000800183        0x1 Builds/main.o
                0x0000000000800183                i
                0x0000000000800184                PROVIDE (__bss_end, .)
                0x0000000000000cc8                __data_load_start = LOADADDR (.data)
                0x0000000000000cd0                __data_load_end = (__data_load_start + SIZEOF (.data))

.noinit         0x0000000000800184        0x0
                0x0000000000800184                PROVIDE (__noinit_start, .)
 *(.noinit*)
                0x0000000000800184                PROVIDE (__noinit_end, .)
                0x0000000000800184                _end = .
                0x0000000000800184                PROVIDE (__heap_start, .)

.eeprom         0x0000000000810000        0x0
 *(.eeprom*)
                0x0000000000810000                __eeprom_end = .

.fuse
 *(.fuse)
 *(.lfuse)
 *(.hfuse)
 *(.efuse)

.lock
 *(.lock*)

.signature
 *(.signature*)

.stab           0x0000000000000000     0x2b5c
 *(.stab)
 .stab          0x0000000000000000      0x774 Builds/TWI_Master.o
 .stab          0x0000000000000774      0xb70 Builds/cc1101.o
                                        0xda4 (size before relaxing)
 .stab          0x00000000000012e4      0x87c Builds/ext_interrupt.o
                                        0xaa4 (size before relaxing)
 .stab          0x0000000000001b60      0x72c Builds/main.o
                                        0x954 (size before relaxing)
 .stab          0x000000000000228c      0x258 Builds/receive.o
                                        0x264 (size before relaxing)
 .stab          0x00000000000024e4      0x258 Builds/transmit.o
                                        0x264 (size before relaxing)
 .stab          0x000000000000273c      0x228 /usr/local/Cellar/avr-gcc/4.9.3/lib/gcc/avr/4.9.3/avr25/libgcc.a(_udivmodsi4.o)
                                        0x234 (size before relaxing)
 .stab          0x0000000000002964       0x6c /usr/local/Cellar/avr-gcc/4.9.3/lib/gcc/avr/4.9.3/avr25/libgcc.a(_exit.o)
                                         0x78 (size before relaxing)
 .stab          0x00000000000029d0       0xd8 /usr/local/Cellar/avr-gcc/4.9.3/lib/gcc/avr/4.9.3/avr25/libgcc.a(_copy_data.o)
                                         0xe4 (size before relaxing)
 .stab          0x0000000000002aa8       0xb4 /usr/local/Cellar/avr-gcc/4.9.3/lib/gcc/avr/4.9.3/avr25/libgcc.a(_clear_bss.o)
                                         0xc0 (size before relaxing)

.stabstr        0x0000000000000000     0x16d9
 *(.stabstr)
 .stabstr       0x0000000000000000     0x16d9 Builds/TWI_Master.o

.stab.excl
 *(.stab.excl)

.stab.exclstr
 *(.stab.exclstr)

.stab.index
 *(.stab.index)

.stab.indexstr
 *(.stab.indexstr)

.comment        0x0000000000000000       0x11
 *(.comment)
 .comment       0x0000000000000000       0x11 Builds/TWI_Master.o
                                         0x12 (size before relaxing)
 .comment       0x0000000000000011       0x12 Builds/cc1101.o
 .comment       0x0000000000000011       0x12 Builds/ext_interrupt.o
 .comment       0x0000000000000011       0x12 Builds/main.o
 .comment       0x0000000000000011       0x12 Builds/receive.o
 .comment       0x0000000000000011       0x12 Builds/transmit.o

.note.gnu.build-id
 *(.note.gnu.build-id)

.debug
 *(.debug)

.line
 *(.line)

.debug_srcinfo
 *(.debug_srcinfo)

.debug_sfnames
 *(.debug_sfnames)

.debug_aranges
 *(.debug_aranges)

.debug_pubnames
 *(.debug_pubnames)

.debug_info     0x0000000000000000      0x576
 *(.debug_info .gnu.linkonce.wi.*)
 .debug_info    0x0000000000000000      0x576 /usr/local/Cellar/avr-gcc/4.9.3/lib/gcc/avr/4.9.3/../../../../avr/lib/avr25/crttn48.o

.debug_abbrev   0x0000000000000000      0x52b
 *(.debug_abbrev)
 .debug_abbrev  0x0000000000000000      0x52b /usr/local/Cellar/avr-gcc/4.9.3/lib/gcc/avr/4.9.3/../../../../avr/lib/avr25/crttn48.o

.debug_line     0x0000000000000000       0x1d
 *(.debug_line .debug_line.* .debug_line_end)
 .debug_line    0x0000000000000000       0x1d /usr/local/Cellar/avr-gcc/4.9.3/lib/gcc/avr/4.9.3/../../../../avr/lib/avr25/crttn48.o

.debug_frame
 *(.debug_frame)

.debug_str      0x0000000000000000      0x1d9
 *(.debug_str)
 .debug_str     0x0000000000000000      0x1d9 /usr/local/Cellar/avr-gcc/4.9.3/lib/gcc/avr/4.9.3/../../../../avr/lib/avr25/crttn48.o

.debug_loc
 *(.debug_loc)

.debug_macinfo
 *(.debug_macinfo)

.debug_weaknames
 *(.debug_weaknames)

.debug_funcnames
 *(.debug_funcnames)

.debug_typenames
 *(.debug_typenames)

.debug_varnames
 *(.debug_varnames)

.debug_pubtypes
 *(.debug_pubtypes)

.debug_ranges
 *(.debug_ranges)

.debug_macro
 *(.debug_macro)
OUTPUT(Builds/main.elf elf32-avr)
LOAD linker stubs

Cross Reference Table

Symbol                                            File
Configure_Interrupt                               Builds/ext_interrupt.o
Disable_Interrupt                                 Builds/ext_interrupt.o
Disable_Pcinterrupt                               Builds/ext_interrupt.o
Enable_Interrupt                                  Builds/ext_interrupt.o
Enable_Pcinterrupt                                Builds/ext_interrupt.o
GDO_Set                                           Builds/cc1101.o
Init                                              Builds/cc1101.o
                                                  Builds/main.o
PaTabel                                           Builds/cc1101.o
RX_buffer                                         Builds/main.o
ReceiveData                                       Builds/cc1101.o
                                                  Builds/main.o
RegConfigSettings                                 Builds/cc1101.o
Reset                                             Builds/cc1101.o
SendData                                          Builds/cc1101.o
SetReceive                                        Builds/cc1101.o
                                                  Builds/main.o
SpiInit                                           Builds/cc1101.o
SpiReadBurstReg                                   Builds/cc1101.o
SpiReadReg                                        Builds/cc1101.o
SpiReadStatus                                     Builds/cc1101.o
                                                  Builds/main.o
SpiStrobe                                         Builds/cc1101.o
                                                  Builds/main.o
SpiTransfer                                       Builds/cc1101.o
SpiWriteBurstReg                                  Builds/cc1101.o
                                                  Builds/main.o
SpiWriteReg                                       Builds/cc1101.o
                                                  Builds/main.o
TWIM_Init                                         Builds/TWI_Master.o
                                                  Builds/main.o
TWIM_ReadAck                                      Builds/TWI_Master.o
                                                  Builds/main.o
TWIM_ReadNack                                     Builds/TWI_Master.o
                                                  Builds/main.o
TWIM_Start                                        Builds/TWI_Master.o
                                                  Builds/main.o
TWIM_Stop                                         Builds/TWI_Master.o
                                                  Builds/main.o
TWIM_Write                                        Builds/TWI_Master.o
                                                  Builds/main.o
TX_buffer                                         Builds/main.o
__addsf3                                          /usr/local/Cellar/avr-gcc/4.9.3/lib/gcc/avr/4.9.3/../../../../avr/lib/avr25/libm.a(addsf3.o)
__addsf3x                                         /usr/local/Cellar/avr-gcc/4.9.3/lib/gcc/avr/4.9.3/../../../../avr/lib/avr25/libm.a(addsf3x.o)
                                                  /usr/local/Cellar/avr-gcc/4.9.3/lib/gcc/avr/4.9.3/../../../../avr/lib/avr25/libm.a(addsf3.o)
__bad_interrupt                                   /usr/local/Cellar/avr-gcc/4.9.3/lib/gcc/avr/4.9.3/../../../../avr/lib/avr25/crttn48.o
__bss_end                                         /usr/local/Cellar/avr-gcc/4.9.3/lib/gcc/avr/4.9.3/avr25/libgcc.a(_clear_bss.o)
__bss_start                                       /usr/local/Cellar/avr-gcc/4.9.3/lib/gcc/avr/4.9.3/avr25/libgcc.a(_clear_bss.o)
__data_end                                        /usr/local/Cellar/avr-gcc/4.9.3/lib/gcc/avr/4.9.3/avr25/libgcc.a(_copy_data.o)
__data_load_start                                 /usr/local/Cellar/avr-gcc/4.9.3/lib/gcc/avr/4.9.3/avr25/libgcc.a(_copy_data.o)
__data_start                                      /usr/local/Cellar/avr-gcc/4.9.3/lib/gcc/avr/4.9.3/avr25/libgcc.a(_copy_data.o)
__do_clear_bss                                    /usr/local/Cellar/avr-gcc/4.9.3/lib/gcc/avr/4.9.3/avr25/libgcc.a(_clear_bss.o)
                                                  Builds/main.o
__do_copy_data                                    /usr/local/Cellar/avr-gcc/4.9.3/lib/gcc/avr/4.9.3/avr25/libgcc.a(_copy_data.o)
                                                  Builds/cc1101.o
__fixunssfsi                                      /usr/local/Cellar/avr-gcc/4.9.3/lib/gcc/avr/4.9.3/../../../../avr/lib/avr25/libm.a(fixunssfsi.o)
                                                  Builds/main.o
__floatsisf                                       /usr/local/Cellar/avr-gcc/4.9.3/lib/gcc/avr/4.9.3/../../../../avr/lib/avr25/libm.a(floatsisf.o)
__floatunsisf                                     /usr/local/Cellar/avr-gcc/4.9.3/lib/gcc/avr/4.9.3/../../../../avr/lib/avr25/libm.a(floatsisf.o)
                                                  Builds/main.o
__fp_inf                                          /usr/local/Cellar/avr-gcc/4.9.3/lib/gcc/avr/4.9.3/../../../../avr/lib/avr25/libm.a(fp_inf.o)
                                                  /usr/local/Cellar/avr-gcc/4.9.3/lib/gcc/avr/4.9.3/../../../../avr/lib/avr25/libm.a(mulsf3x.o)
                                                  /usr/local/Cellar/avr-gcc/4.9.3/lib/gcc/avr/4.9.3/../../../../avr/lib/avr25/libm.a(addsf3x.o)
__fp_nan                                          /usr/local/Cellar/avr-gcc/4.9.3/lib/gcc/avr/4.9.3/../../../../avr/lib/avr25/libm.a(fp_nan.o)
                                                  /usr/local/Cellar/avr-gcc/4.9.3/lib/gcc/avr/4.9.3/../../../../avr/lib/avr25/libm.a(mulsf3x.o)
                                                  /usr/local/Cellar/avr-gcc/4.9.3/lib/gcc/avr/4.9.3/../../../../avr/lib/avr25/libm.a(addsf3x.o)
__fp_pscA                                         /usr/local/Cellar/avr-gcc/4.9.3/lib/gcc/avr/4.9.3/../../../../avr/lib/avr25/libm.a(fp_pscA.o)
                                                  /usr/local/Cellar/avr-gcc/4.9.3/lib/gcc/avr/4.9.3/../../../../avr/lib/avr25/libm.a(mulsf3x.o)
                                                  /usr/local/Cellar/avr-gcc/4.9.3/lib/gcc/avr/4.9.3/../../../../avr/lib/avr25/libm.a(addsf3x.o)
__fp_pscB                                         /usr/local/Cellar/avr-gcc/4.9.3/lib/gcc/avr/4.9.3/../../../../avr/lib/avr25/libm.a(fp_pscB.o)
                                                  /usr/local/Cellar/avr-gcc/4.9.3/lib/gcc/avr/4.9.3/../../../../avr/lib/avr25/libm.a(mulsf3x.o)
                                                  /usr/local/Cellar/avr-gcc/4.9.3/lib/gcc/avr/4.9.3/../../../../avr/lib/avr25/libm.a(addsf3x.o)
__fp_round                                        /usr/local/Cellar/avr-gcc/4.9.3/lib/gcc/avr/4.9.3/../../../../avr/lib/avr25/libm.a(fp_round.o)
                                                  /usr/local/Cellar/avr-gcc/4.9.3/lib/gcc/avr/4.9.3/../../../../avr/lib/avr25/libm.a(mulsf3.o)
                                                  /usr/local/Cellar/avr-gcc/4.9.3/lib/gcc/avr/4.9.3/../../../../avr/lib/avr25/libm.a(addsf3.o)
__fp_split3                                       /usr/local/Cellar/avr-gcc/4.9.3/lib/gcc/avr/4.9.3/../../../../avr/lib/avr25/libm.a(fp_split3.o)
                                                  /usr/local/Cellar/avr-gcc/4.9.3/lib/gcc/avr/4.9.3/../../../../avr/lib/avr25/libm.a(mulsf3x.o)
                                                  /usr/local/Cellar/avr-gcc/4.9.3/lib/gcc/avr/4.9.3/../../../../avr/lib/avr25/libm.a(addsf3x.o)
__fp_splitA                                       /usr/local/Cellar/avr-gcc/4.9.3/lib/gcc/avr/4.9.3/../../../../avr/lib/avr25/libm.a(fp_split3.o)
                                                  /usr/local/Cellar/avr-gcc/4.9.3/lib/gcc/avr/4.9.3/../../../../avr/lib/avr25/libm.a(fixunssfsi.o)
__fp_szero                                        /usr/local/Cellar/avr-gcc/4.9.3/lib/gcc/avr/4.9.3/../../../../avr/lib/avr25/libm.a(fp_zero.o)
                                                  /usr/local/Cellar/avr-gcc/4.9.3/lib/gcc/avr/4.9.3/../../../../avr/lib/avr25/libm.a(mulsf3x.o)
__fp_zero                                         /usr/local/Cellar/avr-gcc/4.9.3/lib/gcc/avr/4.9.3/../../../../avr/lib/avr25/libm.a(fp_zero.o)
                                                  /usr/local/Cellar/avr-gcc/4.9.3/lib/gcc/avr/4.9.3/../../../../avr/lib/avr25/libm.a(fixunssfsi.o)
                                                  /usr/local/Cellar/avr-gcc/4.9.3/lib/gcc/avr/4.9.3/../../../../avr/lib/avr25/libm.a(addsf3x.o)
__heap_end                                        /usr/local/Cellar/avr-gcc/4.9.3/lib/gcc/avr/4.9.3/../../../../avr/lib/avr25/crttn48.o
__init                                            /usr/local/Cellar/avr-gcc/4.9.3/lib/gcc/avr/4.9.3/../../../../avr/lib/avr25/crttn48.o
__mulsf3                                          /usr/local/Cellar/avr-gcc/4.9.3/lib/gcc/avr/4.9.3/../../../../avr/lib/avr25/libm.a(mulsf3.o)
                                                  Builds/main.o
__mulsf3_pse                                      /usr/local/Cellar/avr-gcc/4.9.3/lib/gcc/avr/4.9.3/../../../../avr/lib/avr25/libm.a(mulsf3x.o)
__mulsf3x                                         /usr/local/Cellar/avr-gcc/4.9.3/lib/gcc/avr/4.9.3/../../../../avr/lib/avr25/libm.a(mulsf3x.o)
                                                  /usr/local/Cellar/avr-gcc/4.9.3/lib/gcc/avr/4.9.3/../../../../avr/lib/avr25/libm.a(mulsf3.o)
__stack                                           /usr/local/Cellar/avr-gcc/4.9.3/lib/gcc/avr/4.9.3/../../../../avr/lib/avr25/crttn48.o
__subsf3                                          /usr/local/Cellar/avr-gcc/4.9.3/lib/gcc/avr/4.9.3/../../../../avr/lib/avr25/libm.a(addsf3.o)
                                                  Builds/main.o
__udivmodsi4                                      /usr/local/Cellar/avr-gcc/4.9.3/lib/gcc/avr/4.9.3/avr25/libgcc.a(_udivmodsi4.o)
                                                  Builds/TWI_Master.o
__vector_1                                        /usr/local/Cellar/avr-gcc/4.9.3/lib/gcc/avr/4.9.3/../../../../avr/lib/avr25/crttn48.o
__vector_10                                       /usr/local/Cellar/avr-gcc/4.9.3/lib/gcc/avr/4.9.3/../../../../avr/lib/avr25/crttn48.o
__vector_11                                       /usr/local/Cellar/avr-gcc/4.9.3/lib/gcc/avr/4.9.3/../../../../avr/lib/avr25/crttn48.o
__vector_12                                       /usr/local/Cellar/avr-gcc/4.9.3/lib/gcc/avr/4.9.3/../../../../avr/lib/avr25/crttn48.o
__vector_13                                       /usr/local/Cellar/avr-gcc/4.9.3/lib/gcc/avr/4.9.3/../../../../avr/lib/avr25/crttn48.o
__vector_14                                       /usr/local/Cellar/avr-gcc/4.9.3/lib/gcc/avr/4.9.3/../../../../avr/lib/avr25/crttn48.o
__vector_15                                       /usr/local/Cellar/avr-gcc/4.9.3/lib/gcc/avr/4.9.3/../../../../avr/lib/avr25/crttn48.o
__vector_16                                       /usr/local/Cellar/avr-gcc/4.9.3/lib/gcc/avr/4.9.3/../../../../avr/lib/avr25/crttn48.o
__vector_17                                       /usr/local/Cellar/avr-gcc/4.9.3/lib/gcc/avr/4.9.3/../../../../avr/lib/avr25/crttn48.o
__vector_18                                       /usr/local/Cellar/avr-gcc/4.9.3/lib/gcc/avr/4.9.3/../../../../avr/lib/avr25/crttn48.o
__vector_19                                       /usr/local/Cellar/avr-gcc/4.9.3/lib/gcc/avr/4.9.3/../../../../avr/lib/avr25/crttn48.o
__vector_2                                        /usr/local/Cellar/avr-gcc/4.9.3/lib/gcc/avr/4.9.3/../../../../avr/lib/avr25/crttn48.o
__vector_3                                        /usr/local/Cellar/avr-gcc/4.9.3/lib/gcc/avr/4.9.3/../../../../avr/lib/avr25/crttn48.o
__vector_4                                        /usr/local/Cellar/avr-gcc/4.9.3/lib/gcc/avr/4.9.3/../../../../avr/lib/avr25/crttn48.o
__vector_5                                        Builds/main.o
                                                  /usr/local/Cellar/avr-gcc/4.9.3/lib/gcc/avr/4.9.3/../../../../avr/lib/avr25/crttn48.o
__vector_6                                        /usr/local/Cellar/avr-gcc/4.9.3/lib/gcc/avr/4.9.3/../../../../avr/lib/avr25/crttn48.o
__vector_7                                        /usr/local/Cellar/avr-gcc/4.9.3/lib/gcc/avr/4.9.3/../../../../avr/lib/avr25/crttn48.o
__vector_8                                        /usr/local/Cellar/avr-gcc/4.9.3/lib/gcc/avr/4.9.3/../../../../avr/lib/avr25/crttn48.o
__vector_9                                        /usr/local/Cellar/avr-gcc/4.9.3/lib/gcc/avr/4.9.3/../../../../avr/lib/avr25/crttn48.o
__vector_default                                  /usr/local/Cellar/avr-gcc/4.9.3/lib/gcc/avr/4.9.3/../../../../avr/lib/avr25/crttn48.o
__vectors                                         /usr/local/Cellar/avr-gcc/4.9.3/lib/gcc/avr/4.9.3/../../../../avr/lib/avr25/crttn48.o
_exit                                             /usr/local/Cellar/avr-gcc/4.9.3/lib/gcc/avr/4.9.3/avr25/libgcc.a(_exit.o)
available                                         Builds/main.o
exit                                              /usr/local/Cellar/avr-gcc/4.9.3/lib/gcc/avr/4.9.3/avr25/libgcc.a(_exit.o)
                                                  /usr/local/Cellar/avr-gcc/4.9.3/lib/gcc/avr/4.9.3/../../../../avr/lib/avr25/crttn48.o
i                                                 Builds/main.o
main                                              Builds/main.o
                                                  /usr/local/Cellar/avr-gcc/4.9.3/lib/gcc/avr/4.9.3/../../../../avr/lib/avr25/crttn48.o
pciSetup                                          Builds/main.o
